forbidden patterns: 12 (with symmetric variants)
guarded patterns: 26 T23 facts + 12 CEGAR patterns
frames: 783 (S/T enriched, apex classes 1/2/3)
graph: 769753 nodes, 46736887 edges (trimmed), 330605 windows, 355752 window options, 1482 terms (1557 term options), K=410 rule columns, M nodes 0, options 40.7s
catalogue stats: {'cell_removed': 1929, 'window_no_completion': 403}
it   0 DP min (2*final+2) =  -24.0000, len 11, cuts 0, |w|_1 = 0.000, 2.8s
it   5 DP min (2*final+2) = -3996.6000, len 17, cuts 25, |w|_1 = 804.068, 2.7s
it  10 DP min (2*final+2) = -5028.1354, len 12, cuts 48, |w|_1 = 1840.353, 2.7s
it  15 DP min (2*final+2) = -9059.1877, len 9, cuts 70, |w|_1 = 2185.985, 2.7s
it  20 DP min (2*final+2) = -5040.2391, len 13, cuts 92, |w|_1 = 3411.828, 2.7s
it  25 DP min (2*final+2) = -24718.4945, len 10, cuts 115, |w|_1 = 5091.813, 2.6s
      top columns: ('R', 'C', (('N', 'X', 'X', 'X', 'N'), 0, 0, 1, 0, 1, (9, 9,=1000.00; ('R', 'A', (('N', 'N', 'N', 'R', 'R'), 0, 0, 0, 1, 0, (9, 9,=798.18; ('L', 'A', (('N', 'N', 'N', 'R', 'R'), 0, 0, 0, 1, 1, (9, 9,=727.38; ('L', 'A', (('R', 'N', 'N', 'R', 'R'), 0, 0, 0, 1, 1, (9, 9,=664.03; ('SV', (0, 0, 1, 1), 0)=250.10; ('DELTA',)=200.00; ('A', 'C', (('N', 'X', 'X', 'X', 'N'), 0, 0, 1, 0, 1, (9, 9,=176.53; ('C', 'M', (('R', 'X', 'X', 'X', 'R'), 0, 0, 0, 1, 1, (9, 9,=145.40
it  30 DP min (2*final+2) = -17080.1460, len 9, cuts 136, |w|_1 = 7429.204, 2.6s
it  35 DP min (2*final+2) = -19776.1885, len 10, cuts 158, |w|_1 = 12267.563, 2.7s
it  40 DP min (2*final+2) = -15475.6152, len 11, cuts 178, |w|_1 = 15219.929, 2.6s
it  45 DP min (2*final+2) =  -51.1969, len 11, cuts 201, |w|_1 = 88.204, 2.7s
it  50 DP min (2*final+2) =  -38.6188, len 13, cuts 225, |w|_1 = 76.380, 2.7s
      top columns: ('DELTA',)=15.31; ('C', 'A', (('N', 'X', 'X', 'X', 'N'), 1, 0, 0, 0, 1, (9, 9,=4.73; ('TAU', (0, 1, 1, 1, 1, 1, 1, 1), 0)=4.34; ('TAU', (1, 1, 1, 1, 1, 1, 1, 1), 0)=3.83; ('C', 'A', (('R', 'X', 'X', 'X', 'R'), 0, 0, 1, 1, 1, (9, 9,=3.54; ('TAU', (0, 1, 1, 1, 1, 1, 1, 1), 2)=3.31; ('A', 'L', (('N', 'N', 'R', 'N', 'N'), 0, 0, 0, 0, 1, (9, 9,=3.03; ('A', 'C', (('N', 'X', 'X', 'X', 'R'), 0, 0, 1, 1, 1, (9, 9,=2.91
it  55 DP min (2*final+2) =  -63.6244, len 11, cuts 248, |w|_1 = 93.883, 2.7s
it  60 DP min (2*final+2) =  -52.7335, len 11, cuts 273, |w|_1 = 73.362, 2.6s
it  65 DP min (2*final+2) =  -45.4577, len 9, cuts 293, |w|_1 = 112.339, 2.6s
it  70 DP min (2*final+2) =  -91.8280, len 13, cuts 315, |w|_1 = 135.524, 2.7s
it  75 DP min (2*final+2) =  -45.1603, len 9, cuts 337, |w|_1 = 75.057, 2.6s
      top columns: ('DELTA',)=10.29; ('TAU', (0, 1, 1, 1, 1, 1, 1, 1), 0)=4.12; ('R', 'A', (('R', 'R', 'R', 'R', 'R'), 0, 0, 1, 1, 1, (9, 9,=3.61; ('C', 'A', (('N', 'X', 'X', 'X', 'N'), 1, 0, 0, 0, 0, (9, 9,=3.34; ('R', 'A', (('N', 'N', 'R', 'N', 'N'), 0, 0, 1, 0, 1, (9, 9,=2.75; ('TAU', (1, 1, 1, 1, 1, 1, 1, 1), 0)=2.57; ('M', 'A', (('N', 'N', 'B', 'N', 'N'), 0, 0, 0, 1, 1, (0, 1,=2.48; ('SV', (0, 0, 1, 1), 0)=2.45
it  80 DP min (2*final+2) =  -32.2094, len 13, cuts 360, |w|_1 = 84.800, 2.6s
it  85 DP min (2*final+2) =  -50.3314, len 10, cuts 379, |w|_1 = 78.919, 2.6s
it  90 DP min (2*final+2) =  -68.9148, len 13, cuts 401, |w|_1 = 67.786, 2.7s
it  95 DP min (2*final+2) =  -29.3480, len 12, cuts 425, |w|_1 = 64.211, 2.6s
it 100 DP min (2*final+2) =  -40.9216, len 12, cuts 450, |w|_1 = 62.612, 2.6s
      top columns: ('DELTA',)=7.58; ('A', 'R', (('N', 'N', 'R', 'B', 'R'), 0, 0, 1, 1, 1, (9, 9,=4.37; ('TAU', (0, 1, 1, 1, 1, 1, 1, 1), 0)=3.79; ('L', 'A', (('N', 'N', 'N', 'B', 'R'), 0, 0, 0, 1, 1, (9, 9,=3.59; ('L', 'R', (('N', 'N', 'N', 'R', 'R'), 0, 0, 0, 1, 1, (9, 9,=3.15; ('KT', 1, 2)=2.14; ('A', 'L', (('N', 'N', 'R', 'R', 'R'), 0, 0, 0, 1, 1, (9, 9,=1.97; ('TAU', (1, 1, 1, 1, 1, 1, 1, 1), 0)=1.89
it 105 DP min (2*final+2) =  -16.7835, len 13, cuts 474, |w|_1 = 44.315, 2.7s
it 110 DP min (2*final+2) =  -31.2868, len 13, cuts 499, |w|_1 = 57.244, 2.7s
it 115 DP min (2*final+2) =   -8.7477, len 13, cuts 523, |w|_1 = 31.062, 2.7s
it 120 DP min (2*final+2) =   -7.8862, len 13, cuts 547, |w|_1 = 23.202, 2.7s
it 125 DP min (2*final+2) =   -7.6941, len 11, cuts 571, |w|_1 = 20.422, 2.7s
      top columns: ('DELTA',)=2.69; ('PT', (0, 1, 1, 0, 1, 1), '0>2')=1.75; ('TAU', (0, 1, 1, 1, 1, 1, 1, 1), 0)=1.35; ('SV', (0, 0, 1, 1), 0)=1.06; ('alpha',)=1.00; ('TRI', 'MST', 'S>M')=0.99; ('L', 'A', (('N', 'N', 'R', 'B', 'R'), 0, 0, 0, 1, 0, (9, 9,=0.83; ('R', 'A', (('R', 'B', 'R', 'R', 'R'), 0, 0, 0, 1, 1, (9, 9,=0.78
it 130 DP min (2*final+2) =   -5.5140, len 11, cuts 594, |w|_1 = 22.333, 3.8s
it 135 DP min (2*final+2) =  -12.0654, len 11, cuts 616, |w|_1 = 28.420, 3.9s
it 140 DP min (2*final+2) =  -11.9693, len 12, cuts 639, |w|_1 = 32.010, 4.0s
it 145 DP min (2*final+2) =   -5.8708, len 12, cuts 660, |w|_1 = 26.658, 4.1s
it 150 DP min (2*final+2) =   -4.4537, len 11, cuts 684, |w|_1 = 22.383, 4.2s
      top columns: ('DELTA',)=1.28; ('PT', (0, 1, 1, 0, 1, 1), '0>2')=1.22; ('C', 'A', (('R', 'X', 'X', 'X', 'R'), 1, 0, 0, 1, 1, (9, 9,=1.14; ('TRI', 'MST', 'S>M')=1.09; ('MB', 0, 'C>A')=1.06; ('SV', (0, 0, 1, 1), 0)=0.96; ('TRI', 'MSS', 'S>M')=0.87; ('A', 'L', (('N', 'N', 'B', 'R', 'R'), 0, 0, 0, 1, 0, (1, 0,=0.85
it 155 DP min (2*final+2) =   -3.8601, len 10, cuts 709, |w|_1 = 21.626, 3.9s
it 160 DP min (2*final+2) =   -2.5115, len 10, cuts 734, |w|_1 = 18.024, 4.0s
it 165 DP min (2*final+2) =   -1.8750, len 17, cuts 758, |w|_1 = 15.757, 4.3s
it 170 DP min (2*final+2) =   -2.4842, len 10, cuts 782, |w|_1 = 15.391, 4.0s
it 175 DP min (2*final+2) =    0.6136, len 12, cuts 804, |w|_1 = 8.945, 3.9s
      top columns: ('TRI', 'MST', 'S>M')=1.02; ('SV', (0, 0, 1, 1), 0)=1.01; ('PT', (0, 1, 1, 0, 1, 1), '0>2')=0.93; ('alpha',)=0.70; ('TRI', 'MSS', 'S>M')=0.49; ('A', 'L', (('N', 'N', 'B', 'R', 'R'), 0, 1, 0, 1, 1, (0, 0,=0.48; ('PT', (0, 1, 1, 1, 1, 1), '0>2')=0.43; ('TRI', 'STT', 'S>T')=0.40
it 180 DP min (2*final+2) =    0.5222, len 12, cuts 827, |w|_1 = 9.937, 4.0s
it 185 DP min (2*final+2) =    0.8384, len 13, cuts 850, |w|_1 = 9.533, 3.9s
it 190 DP min (2*final+2) =    1.0233, len 16, cuts 870, |w|_1 = 8.153, 3.9s
it 195 DP min (2*final+2) =    0.5135, len 16, cuts 888, |w|_1 = 10.620, 3.9s
it 200 DP min (2*final+2) =    0.6746, len 12, cuts 907, |w|_1 = 10.243, 3.9s
      top columns: ('TRI', 'MST', 'S>M')=1.04; ('PT', (0, 1, 1, 0, 1, 1), '0>2')=0.97; ('SV', (0, 0, 1, 1), 0)=0.87; ('alpha',)=0.65; ('PT', (0, 1, 1, 1, 1, 1), '0>2')=0.56; ('A', 'L', (('N', 'N', 'B', 'N', 'N'), 0, 0, 0, 0, 1, (1, 0,=0.54; ('R', 'A', (('N', 'N', 'B', 'N', 'N'), 0, 0, 1, 0, 1, (1, 0,=0.47; ('TRI', 'SST', 'S>T')=0.46
it 205 DP min (2*final+2) =    0.9553, len 12, cuts 928, |w|_1 = 10.946, 3.9s
it 210 DP min (2*final+2) =    0.6415, len 12, cuts 948, |w|_1 = 9.745, 3.2s
it 215 DP min (2*final+2) =    1.1759, len 11, cuts 971, |w|_1 = 10.035, 2.8s
it 220 DP min (2*final+2) =    1.1344, len 15, cuts 990, |w|_1 = 10.051, 2.7s
it 225 DP min (2*final+2) =    1.4667, len 11, cuts 1010, |w|_1 = 7.995, 2.7s
      top columns: ('TRI', 'MST', 'S>M')=1.02; ('SV', (0, 0, 1, 1), 0)=0.83; ('PT', (0, 1, 1, 0, 1, 1), '0>2')=0.76; ('alpha',)=0.65; ('R', 'A', (('N', 'N', 'B', 'N', 'N'), 0, 0, 1, 0, 1, (1, 0,=0.57; ('C', 'A', (('N', 'X', 'X', 'X', 'R'), 1, 0, 0, 1, 0, (9, 9,=0.43; ('PT', (0, 1, 1, 1, 1, 1), '0>2')=0.42; ('TRI', 'SST', 'S>T')=0.42
it 230 DP min (2*final+2) =    1.4475, len 11, cuts 1027, |w|_1 = 7.890, 2.7s
it 235 DP min (2*final+2) =    1.5206, len 15, cuts 1040, |w|_1 = 8.339, 2.7s
it 240 DP min (2*final+2) =    1.5578, len 16, cuts 1051, |w|_1 = 8.864, 2.7s
it 245 DP min (2*final+2) =    1.0990, len 12, cuts 1067, |w|_1 = 9.241, 2.8s
it 250 DP min (2*final+2) =    1.6471, len 15, cuts 1084, |w|_1 = 8.154, 2.7s
      top columns: ('TRI', 'MST', 'S>M')=0.97; ('PT', (0, 1, 1, 0, 1, 1), '0>2')=0.88; ('SV', (0, 0, 1, 1), 0)=0.85; ('A', 'C', (('N', 'X', 'X', 'X', 'N'), 1, 0, 0, 0, 0, (9, 9,=0.75; ('alpha',)=0.61; ('R', 'A', (('N', 'N', 'B', 'N', 'N'), 0, 0, 1, 0, 1, (1, 0,=0.47; ('PT', (0, 1, 1, 1, 1, 1), '0>2')=0.46; ('TRI', 'STT', 'S>T')=0.42
it 255 DP min (2*final+2) =    1.3889, len 15, cuts 1101, |w|_1 = 10.887, 2.7s
it 260 DP min (2*final+2) =    1.5000, len 11, cuts 1116, |w|_1 = 12.432, 2.7s
it 265 DP min (2*final+2) =    1.4306, len 15, cuts 1132, |w|_1 = 13.309, 2.7s
it 270 DP min (2*final+2) =    1.7475, len 14, cuts 1147, |w|_1 = 10.577, 2.7s
it 275 DP min (2*final+2) =    1.6471, len 12, cuts 1156, |w|_1 = 12.113, 2.7s
      top columns: ('PT', (0, 1, 1, 0, 1, 1), '0>2')=1.09; ('TRI', 'MST', 'S>M')=1.07; ('C', 'R', (('N', 'X', 'X', 'X', 'R'), 0, 0, 1, 1, 1, (9, 9,=0.62; ('PT', (0, 1, 1, 1, 1, 1), '0>2')=0.57; ('TRI', 'STT', 'S>T')=0.54; ('MB', 0, 'C>A')=0.52; ('alpha',)=0.50; ('C', 'R', (('N', 'X', 'X', 'X', 'N'), 0, 0, 1, 1, 1, (9, 9,=0.46
it 280 DP min (2*final+2) =    1.4064, len 10, cuts 1173, |w|_1 = 11.853, 2.7s
it 285 DP min (2*final+2) =    1.7349, len 14, cuts 1181, |w|_1 = 12.336, 2.7s
it 290 DP min (2*final+2) =    1.7746, len 12, cuts 1191, |w|_1 = 11.154, 2.7s
it 295 DP min (2*final+2) =    1.8142, len 11, cuts 1202, |w|_1 = 16.451, 2.7s
it 300 DP min (2*final+2) =    1.9039, len 10, cuts 1207, |w|_1 = 11.811, 2.7s
      top columns: ('TRI', 'MST', 'S>M')=1.31; ('PT', (0, 1, 1, 0, 1, 1), '0>2')=1.14; ('A', 'C', (('N', 'X', 'X', 'X', 'N'), 1, 0, 0, 0, 0, (9, 9,=0.78; ('TRI', 'STT', 'S>T')=0.57; ('PT', (0, 1, 1, 1, 1, 1), '0>2')=0.56; ('C', 'R', (('N', 'X', 'X', 'X', 'R'), 0, 0, 1, 1, 1, (9, 9,=0.55; ('alpha',)=0.52; ('EPSM',)=0.49
it 304 DP min (2*final+2) =    2.0000, len 15, cuts 1211, |w|_1 = 11.611, 2.7s
exact certificate: denominator None DP min (D*(2*final+2)) = None target None
