forbidden patterns: 12 (with symmetric variants)
guarded patterns: 26 T23 facts + 12 CEGAR patterns
frames: 783 (S/T enriched, apex classes 1/2/3)
graph: 769753 nodes, 46736887 edges (trimmed), 330605 windows, 355752 window options, 1480 terms (1555 term options), K=404 rule columns, M nodes 0, options 39.2s
catalogue stats: {'cell_removed': 1929, 'window_no_completion': 403}
it   0 DP min (2*final+2) =  -24.0000, len 11, cuts 0, |w|_1 = 0.000, 2.7s
it   5 DP min (2*final+2) = -3996.6000, len 17, cuts 25, |w|_1 = 804.068, 2.6s
it  10 DP min (2*final+2) = -15575.6205, len 12, cuts 46, |w|_1 = 1913.570, 2.6s
it  15 DP min (2*final+2) = -16403.0848, len 13, cuts 70, |w|_1 = 2950.466, 2.6s
it  20 DP min (2*final+2) = -13790.1560, len 9, cuts 92, |w|_1 = 4860.030, 2.6s
it  25 DP min (2*final+2) = -22304.1717, len 11, cuts 111, |w|_1 = 6109.226, 2.6s
      top columns: ('M', 'A', (('N', 'N', 'B', 'N', 'N'), 0, 0, 0, 0, 0, (0, 1,=1000.00; ('R', 'A', (('N', 'N', 'B', 'N', 'N'), 0, 0, 1, 1, 1, (1, 0,=676.82; ('A', 'R', (('N', 'N', 'R', 'R', 'R'), 0, 0, 0, 1, 0, (9, 9,=438.96; ('A', 'R', (('N', 'N', 'B', 'N', 'N'), 0, 0, 1, 1, 1, (0, 0,=403.41; ('SV', (0, 0, 1, 1), 0)=356.59; ('C', 'L', (('N', 'X', 'X', 'X', 'R'), 0, 1, 0, 1, 1, (9, 9,=336.95; ('A', 'L', (('N', 'N', 'N', 'B', 'R'), 0, 0, 0, 1, 0, (9, 9,=278.79; ('A', 'C', (('N', 'X', 'X', 'X', 'N'), 0, 1, 1, 1, 1, (9, 9,=250.42
it  30 DP min (2*final+2) = -6998.2804, len 12, cuts 134, |w|_1 = 8499.534, 2.6s
it  35 DP min (2*final+2) = -15112.7719, len 12, cuts 157, |w|_1 = 11588.942, 2.6s
it  40 DP min (2*final+2) = -6462.4139, len 10, cuts 176, |w|_1 = 9481.433, 2.6s
it  45 DP min (2*final+2) =  -66.2925, len 13, cuts 201, |w|_1 = 108.620, 2.6s
it  50 DP min (2*final+2) = -201.8471, len 9, cuts 222, |w|_1 = 99.574, 2.6s
      top columns: ('R', 'L', (('N', 'N', 'R', 'R', 'R'), 0, 0, 0, 1, 1, (9, 9,=17.34; ('DELTA',)=15.32; ('C', 'A', (('R', 'X', 'X', 'X', 'R'), 0, 0, 1, 1, 1, (9, 9,=7.92; ('L', 'A', (('R', 'B', 'R', 'R', 'R'), 0, 1, 0, 1, 1, (9, 9,=5.02; ('TAU', (0, 1, 1, 1, 1, 1, 1, 1), 0)=4.34; ('SV', (0, 0, 1, 1), 0)=3.86; ('TAU', (1, 1, 1, 1, 1, 1, 1, 1), 0)=3.83; ('TAU', (0, 1, 1, 1, 1, 1, 1, 1), 2)=3.32
it  55 DP min (2*final+2) =  -46.8430, len 13, cuts 244, |w|_1 = 104.293, 2.6s
it  60 DP min (2*final+2) =  -68.8666, len 13, cuts 266, |w|_1 = 95.731, 2.6s
it  65 DP min (2*final+2) =  -47.2311, len 13, cuts 290, |w|_1 = 102.084, 2.6s
it  70 DP min (2*final+2) = -104.0590, len 11, cuts 312, |w|_1 = 99.590, 2.6s
it  75 DP min (2*final+2) =  -54.2823, len 12, cuts 335, |w|_1 = 95.228, 2.6s
      top columns: ('DELTA',)=13.51; ('A', 'R', (('N', 'N', 'B', 'R', 'R'), 0, 0, 0, 1, 0, (0, 0,=4.91; ('TRI', 'MSS', 'S>M')=4.81; ('MB', 1, 'C>A')=4.70; ('MB', 0, 'C>A')=4.59; ('A', 'R', (('R', 'B', 'N', 'N', 'R'), 0, 0, 0, 1, 1, (9, 9,=3.61; ('C', 'L', (('N', 'X', 'X', 'X', 'R'), 0, 0, 0, 1, 1, (9, 9,=3.58; ('TAU', (0, 1, 1, 1, 1, 1, 1, 1), 0)=3.54
it  80 DP min (2*final+2) =  -46.2189, len 10, cuts 359, |w|_1 = 87.319, 2.6s
it  85 DP min (2*final+2) =  -27.7627, len 10, cuts 384, |w|_1 = 70.587, 2.6s
it  90 DP min (2*final+2) =  -27.1191, len 11, cuts 408, |w|_1 = 64.186, 2.6s
it  95 DP min (2*final+2) =  -17.9961, len 13, cuts 429, |w|_1 = 59.321, 2.6s
it 100 DP min (2*final+2) =  -41.0229, len 9, cuts 453, |w|_1 = 45.707, 2.6s
      top columns: ('DELTA',)=7.86; ('L', 'A', (('N', 'N', 'B', 'R', 'R'), 0, 1, 0, 1, 0, (0, 1,=3.03; ('TAU', (0, 1, 1, 1, 1, 1, 1, 1), 0)=2.21; ('TAU', (1, 1, 1, 1, 1, 1, 1, 1), 0)=1.96; ('TAU', (0, 1, 1, 1, 1, 1, 1, 1), 2)=1.72; ('SV', (0, 0, 1, 1), 0)=1.63; ('A', 'L', (('N', 'N', 'B', 'R', 'R'), 0, 1, 0, 1, 0, (0, 0,=1.14; ('A', 'L', (('N', 'N', 'R', 'R', 'R'), 0, 1, 0, 1, 1, (9, 9,=1.11
it 105 DP min (2*final+2) =  -12.9060, len 12, cuts 475, |w|_1 = 44.331, 2.6s
it 110 DP min (2*final+2) =  -22.4344, len 12, cuts 498, |w|_1 = 45.438, 2.6s
it 115 DP min (2*final+2) =  -16.6626, len 10, cuts 522, |w|_1 = 51.098, 2.6s
it 120 DP min (2*final+2) =  -13.1902, len 11, cuts 547, |w|_1 = 39.875, 2.6s
it 125 DP min (2*final+2) =   -9.0322, len 10, cuts 572, |w|_1 = 33.826, 2.6s
      top columns: ('DELTA',)=3.69; ('PT', (0, 1, 1, 0, 1, 1), '0>2')=2.08; ('SV', (0, 0, 1, 1), 0)=2.00; ('TAU', (0, 1, 1, 1, 1, 1, 1, 1), 0)=1.84; ('TRI', 'MST', 'S>M')=1.27; ('A', 'L', (('N', 'N', 'N', 'B', 'R'), 0, 1, 0, 1, 0, (9, 9,=1.23; ('A', 'C', (('N', 'X', 'X', 'X', 'N'), 1, 0, 0, 0, 0, (9, 9,=1.20; ('A', 'C', (('R', 'X', 'X', 'X', 'R'), 0, 1, 1, 1, 1, (9, 9,=1.17
it 130 DP min (2*final+2) =  -16.6330, len 11, cuts 595, |w|_1 = 39.152, 2.6s
it 135 DP min (2*final+2) =   -6.3807, len 10, cuts 619, |w|_1 = 25.192, 2.6s
it 140 DP min (2*final+2) =   -5.6077, len 13, cuts 643, |w|_1 = 25.760, 2.6s
it 145 DP min (2*final+2) =   -6.8276, len 10, cuts 667, |w|_1 = 22.769, 2.6s
it 150 DP min (2*final+2) =   -7.4866, len 9, cuts 691, |w|_1 = 23.435, 2.6s
      top columns: ('SV', (0, 0, 1, 1), 0)=2.22; ('A', 'L', (('N', 'N', 'B', 'R', 'R'), 0, 0, 0, 1, 0, (1, 0,=1.85; ('TRI', 'MSS', 'S>M')=1.31; ('MB', 0, 'C>A')=1.08; ('PT', (0, 1, 1, 0, 1, 1), '0>2')=1.08; ('TRI', 'MST', 'S>M')=1.02; ('alpha',)=1.00; ('DELTA',)=0.95
it 155 DP min (2*final+2) =   -9.5407, len 13, cuts 716, |w|_1 = 22.206, 2.6s
it 160 DP min (2*final+2) =   -2.8184, len 14, cuts 740, |w|_1 = 18.887, 2.6s
it 165 DP min (2*final+2) =   -0.7881, len 13, cuts 763, |w|_1 = 10.429, 2.6s
it 170 DP min (2*final+2) =   -6.3907, len 10, cuts 788, |w|_1 = 12.912, 2.6s
it 175 DP min (2*final+2) =    0.1601, len 10, cuts 810, |w|_1 = 9.398, 2.6s
      top columns: ('SV', (0, 0, 1, 1), 0)=1.28; ('TRI', 'MST', 'S>M')=1.13; ('PT', (0, 1, 1, 0, 1, 1), '0>2')=0.99; ('alpha',)=0.75; ('TRI', 'MSS', 'S>M')=0.61; ('PT', (0, 1, 1, 1, 1, 1), '0>2')=0.52; ('PT4', (0, 1, 1, 1, 1, 1, 1, 1), '0>2')=0.45; ('TRI', 'STT', 'S>T')=0.41
it 180 DP min (2*final+2) =    0.5521, len 11, cuts 833, |w|_1 = 11.956, 2.6s
it 185 DP min (2*final+2) =    0.2456, len 11, cuts 851, |w|_1 = 13.038, 2.6s
it 190 DP min (2*final+2) =    0.0249, len 13, cuts 872, |w|_1 = 9.748, 2.6s
it 195 DP min (2*final+2) =    0.7955, len 12, cuts 889, |w|_1 = 8.939, 2.6s
it 200 DP min (2*final+2) =   -0.9310, len 12, cuts 907, |w|_1 = 12.647, 2.6s
      top columns: ('TRI', 'MST', 'S>M')=1.16; ('PT', (0, 1, 1, 0, 1, 1), '0>2')=1.06; ('SV', (0, 0, 1, 1), 0)=0.94; ('PT4', (0, 1, 1, 1, 1, 1, 1, 1), '0>2')=0.76; ('L', 'A', (('N', 'N', 'B', 'R', 'R'), 0, 1, 0, 1, 0, (1, 0,=0.66; ('TRI', 'MSS', 'S>M')=0.65; ('alpha',)=0.61; ('MB', 0, 'C>A')=0.53
it 205 DP min (2*final+2) =    0.9170, len 10, cuts 927, |w|_1 = 7.672, 2.6s
it 210 DP min (2*final+2) =    0.8762, len 11, cuts 947, |w|_1 = 8.603, 2.6s
it 215 DP min (2*final+2) =    1.3544, len 11, cuts 965, |w|_1 = 9.023, 2.6s
it 220 DP min (2*final+2) =    1.0967, len 10, cuts 985, |w|_1 = 9.189, 2.6s
it 225 DP min (2*final+2) =    1.5948, len 14, cuts 1002, |w|_1 = 8.082, 2.6s
      top columns: ('TRI', 'MST', 'S>M')=1.08; ('SV', (0, 0, 1, 1), 0)=0.82; ('PT', (0, 1, 1, 0, 1, 1), '0>2')=0.77; ('A', 'C', (('N', 'X', 'X', 'X', 'N'), 1, 0, 0, 0, 0, (9, 9,=0.61; ('alpha',)=0.58; ('R', 'A', (('N', 'N', 'B', 'N', 'N'), 0, 0, 1, 0, 1, (1, 0,=0.49; ('TRI', 'MSS', 'S>M')=0.44; ('PT', (0, 1, 1, 1, 1, 1), '0>2')=0.43
it 230 DP min (2*final+2) =    1.5729, len 13, cuts 1019, |w|_1 = 8.629, 2.6s
it 235 DP min (2*final+2) =    1.6677, len 12, cuts 1032, |w|_1 = 7.868, 2.6s
it 240 DP min (2*final+2) =    1.1111, len 11, cuts 1044, |w|_1 = 8.625, 2.6s
it 245 DP min (2*final+2) =    0.8333, len 14, cuts 1063, |w|_1 = 10.500, 2.6s
it 250 DP min (2*final+2) =    1.5261, len 10, cuts 1082, |w|_1 = 9.384, 2.6s
      top columns: ('TRI', 'MST', 'S>M')=1.02; ('PT', (0, 1, 1, 0, 1, 1), '0>2')=0.96; ('SV', (0, 0, 1, 1), 0)=0.95; ('alpha',)=0.67; ('PT', (0, 1, 1, 1, 1, 1), '0>2')=0.58; ('TRI', 'STT', 'S>T')=0.48; ('R', 'A', (('N', 'N', 'B', 'N', 'N'), 0, 0, 1, 0, 1, (1, 0,=0.48; ('TRI', 'SST', 'S>T')=0.39
it 255 DP min (2*final+2) =    1.6760, len 15, cuts 1093, |w|_1 = 9.421, 2.6s
it 260 DP min (2*final+2) =    1.5420, len 15, cuts 1105, |w|_1 = 8.884, 2.6s
it 265 DP min (2*final+2) =    1.8081, len 10, cuts 1115, |w|_1 = 9.061, 2.6s
it 270 DP min (2*final+2) =    1.7816, len 11, cuts 1123, |w|_1 = 10.028, 2.6s
it 275 DP min (2*final+2) =    1.7680, len 14, cuts 1131, |w|_1 = 9.125, 2.6s
      top columns: ('TRI', 'MST', 'S>M')=1.19; ('PT', (0, 1, 1, 0, 1, 1), '0>2')=0.88; ('A', 'C', (('N', 'X', 'X', 'X', 'N'), 1, 0, 0, 0, 0, (9, 9,=0.80; ('SV', (0, 0, 1, 1), 0)=0.57; ('alpha',)=0.53; ('R', 'A', (('N', 'N', 'B', 'N', 'N'), 0, 0, 1, 0, 1, (1, 0,=0.47; ('PT', (0, 1, 1, 1, 1, 1), '0>2')=0.44; ('TRI', 'STT', 'S>T')=0.44
it 280 DP min (2*final+2) =    1.8235, len 16, cuts 1137, |w|_1 = 9.941, 2.6s
it 284 DP min (2*final+2) =    2.0000, len 15, cuts 1142, |w|_1 = 11.611, 2.6s
exact certificate: denominator None DP min (D*(2*final+2)) = None target None
