g17_E1_0142_CPE2_MUT3: timeout 150.1s
g17_E1_0142_CPE2_CPE3: timeout 150.1s
g17_E1_0142_MUT2_CPE3: timeout 150.1s
g17_E1_0142_MUT2_MUT3: timeout 150.2s
g17_E2_04_MUT2_MUT3: timeout 150.2s
g17_E2_04_MUT2_CPE3: timeout 150.2s
g17_E2_04_CPE2_MUT3: timeout 150.2s
g17_E2_04_CPE2_CPE3: timeout 150.2s
g17_E1_0143_CPE2_CPE3: timeout 150.2s
g17_E1_0143_MUT2_CPE3: timeout 150.2s
g17_E1_0143_MUT2_MUT3: timeout 150.2s
g17_E1_0143_CPE2_MUT3: timeout 150.2s
g17_E2_14_CPE2_CPE3: timeout 150.1s
g17_E2_14_CPE2_MUT3: timeout 150.1s
g17_E2_14_MUT2_CPE3: timeout 150.1s
g17_E2_14_MUT2_MUT3: timeout 150.1s
g18_CPE2_CPE3_CPE4: timeout 150.1s
g18_MUT2_MUT3_MUT4: timeout 150.2s
g18_CPE2_MUT3_MUT4: timeout 150.2s
g18_CPE2_MUT3_CPE4: timeout 150.2s
g18_CPE2_CPE3_MUT4: timeout 150.2s
g18_MUT2_CPE3_MUT4: timeout 150.2s
g18_MUT2_CPE3_CPE4: timeout 150.2s
g18_MUT2_MUT3_CPE4: timeout 150.2s
g19_CPE2_CPE3_CPE4: timeout 150.1s
g19_CPE2_CPE3_MUT4: timeout 150.1s
g19_CPE2_MUT3_CPE4: timeout 150.1s
g19_MUT2_CPE3_CPE4: timeout 150.2s
g19_MUT2_CPE3_MUT4: timeout 150.2s
g20_CPE2_MUT3_CPE4: timeout 150.2s
g19_CPE2_MUT3_MUT4: timeout 150.2s
g20_CPE2_MUT3_MUT4: timeout 150.2s
g19_MUT2_MUT3_CPE4: timeout 150.2s
g20_CPE2_CPE3_CPE4: timeout 150.2s
g20_CPE2_CPE3_MUT4: timeout 150.2s
g19_MUT2_MUT3_MUT4: timeout 150.2s
g20_MUT2_CPE3_CPE4: timeout 150.1s
g20_MUT2_MUT3_CPE4: timeout 150.1s
g20_MUT2_CPE3_MUT4: timeout 150.1s
g21_CPE2_CPE3_CPE4: timeout 150.1s
g20_MUT2_MUT3_MUT4: timeout 150.2s
g21_CPE2_MUT3_MUT4: timeout 150.2s
g21_CPE2_CPE3_MUT4: timeout 150.2s
g21_MUT2_MUT3_MUT4: timeout 150.2s
g21_MUT2_CPE3_CPE4: timeout 150.2s
g21_MUT2_MUT3_CPE4: timeout 150.2s
g21_CPE2_MUT3_CPE4: timeout 150.2s
g21_MUT2_CPE3_MUT4: timeout 150.2s
g22_CPE2_CPE3_CPE4: timeout 150.1s
g22_CPE2_CPE3_MUT4: timeout 150.1s
g22_CPE2_MUT3_CPE4: timeout 150.1s
g22_CPE2_MUT3_MUT4: timeout 150.2s
g22_MUT2_MUT3_CPE4: timeout 150.2s
g22_MUT2_CPE3_MUT4: timeout 150.2s
g22_MUT2_CPE3_CPE4: timeout 150.2s
g22_MUT2_MUT3_MUT4: timeout 150.2s
g23_CPE2_CPE3_MUT4: timeout 150.2s
g23_CPE2_CPE3_CPE4: timeout 150.2s
g23_CPE2_MUT3_MUT4: timeout 150.2s
g23_CPE2_MUT3_CPE4: timeout 150.2s
g23_MUT2_CPE3_CPE4: timeout 150.2s
g23_MUT2_CPE3_MUT4: timeout 150.1s
g23_MUT2_MUT3_CPE4: timeout 150.2s
g23_MUT2_MUT3_MUT4: timeout 150.2s
g24_MUT2_CPE3_CPE4: timeout 150.2s
g24_CPE2_MUT3_MUT4: timeout 150.2s
g24_CPE2_CPE3_CPE4: timeout 150.3s
g24_CPE2_MUT3_CPE4: timeout 150.3s
g24_CPE2_CPE3_MUT4: timeout 150.3s
g24_MUT2_MUT3_CPE4: timeout 150.3s
g24_MUT2_CPE3_MUT4: timeout 150.3s
g24_MUT2_MUT3_MUT4: timeout 150.2s
g25_CPE2_CPE3_MUT4: timeout 150.1s
g25_CPE2_CPE3_CPE4: timeout 150.1s
g25_CPE2_MUT3_MUT4: timeout 150.1s
g25_CPE2_MUT3_CPE4: timeout 150.1s
g25_MUT2_CPE3_CPE4: timeout 150.2s
g25_MUT2_CPE3_MUT4: timeout 150.2s
g00_E1_1240_CPE3: timeout 150.2s
g00_E1_1240_MUT3: timeout 150.3s
g25_MUT2_MUT3_MUT4: timeout 150.2s
g00_E1_1243_CPE3: timeout 150.2s
g25_MUT2_MUT3_CPE4: timeout 150.2s
g00_E1_1243_MUT3: timeout 150.2s
