forbidden patterns: 8 (with symmetric variants)
frames: 1620 (S/T enriched, apex classes 1/2/3)
graph: 156156 nodes, 9220102 edges (trimmed), 1208966 windows, 1331926 window options, 1777 terms (1911 term options), K=451 rule columns, M nodes 0, options 294.4s
catalogue stats: {}
base 24.0 target*D 24.0
decrement ('alpha',) -> 20.0 DETECTED
decrement ('TRI', 'MST', 'S>M') -> 12.0 DETECTED
decrement ('TRI', 'MTT', 'T>M') -> 8.0 DETECTED
decrement ('TRI', 'STT', 'S>T') -> 8.0 DETECTED
decrement ('PT', (0, 1, 1, 0, 1, 1), '0>2') -> 8.0 DETECTED
decrement ('PT', (0, 1, 1, 1, 1, 1), '0>2') -> 4.0 DETECTED
decrement ('TRI', 'SST', 'S>T') -> 16.0 DETECTED
decrement ('C', 'A', (('N', 'X', 'X', 'X', 'R'), 1, 0, 0, 1, 0, (9, 9, 9))) -> 20.0 DETECTED
decrement ('M', 'A', (('N', 'N', 'R', 'N', 'N'), 0, 0, 0, 0, 0, (9, 9, 9))) -> 16.0 DETECTED
decrement ('A', 'C', (('N', 'X', 'X', 'X', 'N'), 1, 0, 0, 0, 0, (9, 9, 9))) -> 22.0 DETECTED
decrement ('MB', 1, 'C>A') -> 20.0 DETECTED
decrement ('TRI', 'MSS', 'S>M') -> 8.0 DETECTED
decrement ('SV', (0, 0, 1, 1), 0) -> 20.0 DETECTED
decrement ('M', 'A', (('N', 'N', 'N', 'N', 'N'), 0, 0, 0, 0, 0, (9, 9, 9))) -> 20.0 DETECTED
decrement ('MB', 0, 'C>A') -> 20.0 DETECTED
detected 15 of 15
