s UNSATISFIABLE
Command exited with non-zero status 20
	Command being timed: "/home/nail/stuff/sundai_math/tools/kissat/build/kissat -q /home/nail/stuff/sundai_math/work/eng/k14all/cnf_K14/pat1.cnf /home/nail/stuff/sundai_math/work/eng/k14all/cnf_K14/pat1.drat"
	User time (seconds): 14.88
	System time (seconds): 0.06
	Percent of CPU this job got: 99%
	Elapsed (wall clock) time (h:mm:ss or m:ss): 0:15.04
	Average shared text size (kbytes): 0
	Average unshared data size (kbytes): 0
	Average stack size (kbytes): 0
	Average total size (kbytes): 0
	Maximum resident set size (kbytes): 28704
	Average resident set size (kbytes): 0
	Major (requiring I/O) page faults: 0
	Minor (reclaiming a frame) page faults: 11442
	Voluntary context switches: 1
	Involuntary context switches: 1601
	Swaps: 0
	File system inputs: 0
	File system outputs: 98400
	Socket messages sent: 0
	Socket messages received: 0
	Signals delivered: 0
	Page size (bytes): 4096
	Exit status: 20
c 13011 RAT lemmas in core; 74925 redundant literals in core lemmas
s VERIFIED
