[0s] ['eng', 'A1', 't4_n14_s1.jsonl'] {} min {}
[0s] ['work', 'gadget', 'phi14.jsonl'] {'arr14': 49, 'lines14': 686, 'tight14': 542} min {14: '0'}
[1s] ['eng', 'T22', 'rand_a.jsonl'] {'arr14': 8, 'lines14': 112, 'arr16': 5, 'lines16': 80} min {14: '37/4', 16: '43/4'}
[1s] ['T14', 'logs', 'cons_n14_s1.jsonl'] {} min {}
[1s] ['T14', 'logs', 'ext_n14_s1.jsonl'] {} min {}
[1s] ['T14', 'logs', 'tightc_n14_s1.jsonl'] {} min {}
[1s] ['T14', 'logs', 'tight_n14_s1.jsonl'] {} min {}
[1s] ['eng', 'A1', 't4_n16_s1.jsonl'] {} min {}
[3s] ['work', 'gadget', 'phi20.jsonl'] {'arr20': 305, 'lines20': 6100, 'tight20': 5166} min {20: '0'}
[10s] ['eng', 'T22', 'rand_b.jsonl'] {'arr14': 84, 'lines14': 1176, 'arr16': 48, 'lines16': 768} min {14: '25/4', 16: '41/4'}
[70s] ['work', 'pls', 'cal16_wb1_s1_w0.jsonl'] {'arr16': 15502, 'lines16': 248032, 'tight16': 109970} min {16: '0'}
[70s] ['work', 't3', 'w_a.jsonl'] {'arr20': 7, 'lines20': 140, 'tight20': 52, 'arr16': 10, 'lines16': 160, 'tight16': 51, 'arr14': 9, 'lines14': 126, 'tight14': 58} min {20: '0', 16: '0', 14: '0'}
[70s] ['work', 't3', 'w_b.jsonl'] {'arr16': 7, 'lines16': 112, 'tight16': 42, 'arr14': 4, 'lines14': 56, 'tight14': 23, 'arr20': 2, 'lines20': 40, 'tight20': 24} min {16: '0', 14: '0', 20: '0'}
[70s] ['work', 't3', 'w_c.jsonl'] {'arr16': 15, 'lines16': 240, 'tight16': 78, 'arr14': 7, 'lines14': 98, 'tight14': 40, 'arr20': 8, 'lines20': 160, 'tight20': 86} min {16: '0', 14: '0', 20: '0'}
[70s] ['work', 't3', 'w_d.jsonl'] {'arr14': 11, 'lines14': 154, 'tight14': 47, 'arr20': 19, 'lines20': 380, 'tight20': 185, 'arr16': 14, 'lines16': 224, 'tight16': 103} min {14: '0', 20: '0', 16: '0'}
[82s] ['T10', 'opt16', 'cls_w0.jsonl'] {'arr16': 2752, 'lines16': 44032, 'tight16': 32057} min {16: '0'}
[94s] ['dpwalk3', 'base', 'cls_w0.jsonl'] {'arr16': 2611, 'lines16': 41776, 'tight16': 30426} min {16: '0'}
[96s] ['dpwalk3', 'capA', 'cls_w0.jsonl'] {'arr16': 509, 'lines16': 8144, 'tight16': 5956} min {16: '0'}
[145s] ['work', 'phi', 'cal16_72.jsonl'] {'arr16': 35001, 'lines16': 560016, 'tight16': 409693} min {16: '0'}
[159s] ['work', 'phi', 'pls16_70_71.jsonl'] {'arr16': 41249, 'lines16': 659984, 'tight16': 289105} min {16: '0'}
TOTAL {'arr14': 172, 'arr16': 97723, 'arr20': 341, 'lines14': 2408, 'lines16': 1563568, 'lines20': 6820, 'tight14': 710, 'tight16': 877481, 'tight20': 5513}
MIN FINAL per n: {14: '0', 16: '0', 20: '0'} {14: ('0 2 1 0 2 3 5 7 9 11 10 9 8 7 6 5 4 2* 5 7 6 5 7 9 8 7 9 11 10 9 11 12 11 10 9 8', 0), 16: ('1 3 5 7 9 11 10 9 8 7 6 5 4 3 2 1 0 1 3 2 1 3 5 7 6 5 4 3 5 7 9 8 7 6 5 4 3 2 1 ', 0), 20: ('1 3 5 8 10 12 14 16 18 17 16 15 14 13 12 11 10 9 8 7 6 4* 3 2 1 0 1 3* 6 8 10 12', 0)}
