forbidden patterns: 8 (with symmetric variants)
frames: 1620 (S/T enriched, apex classes 1/2/3)
graph: 125492 nodes, 6996737 edges (trimmed), 655293 windows, 716841 window options, 1156 terms (1290 term options), K=451 rule columns, M nodes 0, options 39.9s
catalogue stats: {}
forbidden patterns: 8 (with symmetric variants)
frames: 1620 (S/T enriched, apex classes 1/2/3)
graph: 234816 nodes, 12398480 edges (trimmed), 654490 windows, 715950 window options, 1156 terms (1290 term options), K=451 rule columns, M nodes 0, options 41.6s
catalogue stats: {}
it   0 DP min (2*final+2) =  -24.0000 clean  -20.0000, len 11, cuts 0, |w|_1 = 0.000, 1.6s
it   5 DP min (2*final+2) =   -5.3841 clean   -3.8007, len 12, cuts 29, |w|_1 = 2.632, 1.2s
it  10 DP min (2*final+2) =   -1.7393 clean   -1.3692, len 11, cuts 57, |w|_1 = 4.578, 1.2s
it  15 DP min (2*final+2) =   -0.0390 clean    0.5601, len 11, cuts 86, |w|_1 = 5.759, 1.2s
it  20 DP min (2*final+2) =    0.2734 clean    1.2665, len 16, cuts 113, |w|_1 = 6.728, 1.2s
it  25 DP min (2*final+2) =    0.9310 clean    1.1149, len 16, cuts 141, |w|_1 = 8.019, 1.1s
      top columns: ('TRI', 'MST', 'S>M')=1.15; ('PT', (0, 1, 1, 0, 1, 1), '0>2')=0.73; ('SV', (0, 0, 1, 1), 0)=0.60; ('TRI', 'MSS', 'S>M')=0.52; ('alpha',)=0.50; ('MB', 0, 'C>A')=0.44; ('PT', (0, 1, 1, 1, 1, 1), '0>2')=0.43; ('TRI', 'SST', 'S>T')=0.40
it  30 DP min (2*final+2) =    1.4078 clean    1.8155, len 16, cuts 164, |w|_1 = 8.857, 1.2s
it  35 DP min (2*final+2) =   -0.9057 clean    1.3350, len 10, cuts 184, |w|_1 = 9.758, 1.2s
it  40 DP min (2*final+2) =   -1.3378 clean   -0.6356, len 12, cuts 207, |w|_1 = 10.665, 1.2s
it  45 DP min (2*final+2) =    1.5219 clean    2.0833, len 16, cuts 229, |w|_1 = 11.077, 1.2s
it  50 DP min (2*final+2) =    1.6351 clean    2.0833, len 14, cuts 241, |w|_1 = 11.336, 1.2s
      top columns: ('TRI', 'MST', 'S>M')=1.21; ('PT', (0, 1, 1, 0, 1, 1), '0>2')=0.82; ('SV', (0, 0, 1, 1), 0)=0.57; ('A', 'C', (('N', 'X', 'X', 'X', 'N'), 1, 0, 0, 0, 0, (9, 9,=0.56; ('TRI', 'MSS', 'S>M')=0.52; ('alpha',)=0.50; ('R', 'A', (('N', 'N', 'B', 'N', 'N'), 0, 0, 0, 0, 0, (0, 0,=0.48; ('MB', 0, 'C>A')=0.47
it  55 DP min (2*final+2) =    1.6478 clean    2.0833, len 16, cuts 252, |w|_1 = 11.643, 1.2s
it  60 DP min (2*final+2) =    1.5486 clean    1.6319, len 11, cuts 270, |w|_1 = 12.452, 1.2s
it  65 DP min (2*final+2) =    1.7368 clean    1.8202, len 13, cuts 288, |w|_1 = 12.814, 1.1s
it  69 DP min (2*final+2) =    2.0000 clean    2.0833, len 11, cuts 299, |w|_1 = 12.948, 1.1s
exact certificate: denominator 48 DP min (D*(2*final+2)) = 96.0 target 96.0
verify (bounded): min D*(2*final+2) per n-1: {2: 2160.0, 3: 2112.0, 4: 1776.0, 5: 1824.0, 6: 1584.0, 7: 1472.0, 8: 1296.0, 9: 1248.0, 10: 1008.0, 11: 960.0, 12: 720.0, 13: 672.0, 14: 432.0, 15: 384.0, 16: 144.0, 17: 96.0} target 96.0
second graph DP min 100.0 target 100.0
