tight paths 1608 graph windows 205
paths 1608 types 1708 windows 205
model: 1905 vars, 379 rows, Q = 1708
f2disjoint status OPTIMAL 0.4s
tag groups: 54
tags=['C0/NNNSSSr0', 'C0/NNNSSSr0']: 24 types, total count range (CP-SAT) [0, 4]
tags=['C0/NNNSSSr0', 'C0/NNNSSSr0', 'X/NSSSSSr0', 'X/NSSSSSr0']: 48 types, total count range (CP-SAT) [0, 0]
tags=['C0/NNNSSSr0', 'C0/NNNSSSr0', 'X/NSSSSSr0', 'X/NSSSSSr0', 'X/NSSSSSr0', 'X/NSSSSSr0']: 4 types, total count range (CP-SAT) [0, 0]
tags=['C0/NNNSSSr0', 'C2/NNNSSSr2']: 24 types, total count range (CP-SAT) [0, 12]
tags=['C0/NNNSSSr0', 'C2/NNNSSSr2', 'X/NSSSSSr0', 'X/NSSSSSr0']: 42 types, total count range (CP-SAT) [0, 0]
tags=['C0/NNNSSSr0', 'C2/NNNSSSr2', 'X/NSSSSSr0', 'X/NSSSSSr0', 'X/NSSSSSr0', 'X/NSSSSSr0']: 2 types, total count range (CP-SAT) [0, 0]
tags=['C1/NNNSSSr1', 'O', 'C1/NNNSSSr1']: 20 types, total count range (CP-SAT) [6, 6]
tags=['C1/NNNSSSr1', 'O', 'C1/NNNSSSr1', 'X/NSSSSSr0', 'X/NSSSSSr0']: 30 types, total count range (CP-SAT) [0, 0]
tags=['C2/NNNSSSr2', 'C0/NNNSSSr0']: 24 types, total count range (CP-SAT) [0, 12]
tags=['C2/NNNSSSr2', 'C0/NNNSSSr0', 'X/NSSSSSr0', 'X/NSSSSSr0']: 54 types, total count range (CP-SAT) [0, 0]
tags=['C2/NNNSSSr2', 'C0/NNNSSSr0', 'X/NSSSSSr0', 'X/NSSSSSr0', 'X/NSSSSSr0', 'X/NSSSSSr0']: 4 types, total count range (CP-SAT) [0, 0]
tags=['C2/NNNSSSr2', 'C2/NNNSSSr2']: 4 types, total count range (CP-SAT) [0, 4]
tags=['C2/NNNSSSr2', 'C2/NNNSSSr2', 'X/NSSSSSr0', 'X/NSSSSSr0']: 12 types, total count range (CP-SAT) [0, 0]
tags=['C2/NNNSSSr2', 'C2/NNNSSSr2', 'X/NSSSSSr0', 'X/NSSSSSr0', 'X/NSSSSSr0', 'X/NSSSSSr0']: 2 types, total count range (CP-SAT) [0, 0]
tags=['X/NSSNSSr1', 'X/NSSSSSr0', 'X/NSSSSSr0']: 90 types, total count range (CP-SAT) [0, 0]
tags=['X/NSSNSSr1', 'X/NSSSSSr0', 'X/NSSSSSr0', 'X/NSSSSSr0', 'X/NSSSSSr0']: 40 types, total count range (CP-SAT) [0, 0]
tags=['X/NSSNSSr1']: 28 types, total count range (CP-SAT) [0, 0]
tags=['X/NSSNSSr2', 'X/NSSSSSr0', 'X/NSSSSSr0']: 56 types, total count range (CP-SAT) [0, 0]
tags=['X/NSSNSSr2', 'X/NSSSSSr0', 'X/NSSSSSr0', 'X/NSSSSSr0', 'X/NSSSSSr0']: 8 types, total count range (CP-SAT) [0, 0]
tags=['X/NSSNSSr2']: 24 types, total count range (CP-SAT) [0, 0]
tags=['X/NSSSSSr0', 'X/NSSNSSr0', 'X/NSSSSSr0']: 20 types, total count range (CP-SAT) [0, 0]
tags=['X/NSSSSSr0', 'X/NSSNSSr0', 'X/NSSSSSr0', 'X/NSSSSSr0', 'X/NSSSSSr0']: 30 types, total count range (CP-SAT) [0, 0]
tags=['X/NSSSSSr0', 'X/NSSSSSr0']: 120 types, total count range (CP-SAT) [0, 0]
tags=['X/NSSSSSr0', 'X/NSSSSSr0', 'C0/NNNSSSr0', 'C0/NNNSSSr0']: 48 types, total count range (CP-SAT) [0, 0]
tags=['X/NSSSSSr0', 'X/NSSSSSr0', 'C0/NNNSSSr0', 'C2/NNNSSSr2']: 54 types, total count range (CP-SAT) [0, 0]
tags=['X/NSSSSSr0', 'X/NSSSSSr0', 'C0/NNNSSSr0', 'C2/NNNSSSr2', 'X/NSSSSSr0', 'X/NSSSSSr0']: 2 types, total count range (CP-SAT) [0, 0]
tags=['X/NSSSSSr0', 'X/NSSSSSr0', 'C1/NNNSSSr1', 'O', 'C1/NNNSSSr1']: 30 types, total count range (CP-SAT) [0, 0]
tags=['X/NSSSSSr0', 'X/NSSSSSr0', 'C2/NNNSSSr2', 'C0/NNNSSSr0']: 42 types, total count range (CP-SAT) [0, 0]
tags=['X/NSSSSSr0', 'X/NSSSSSr0', 'C2/NNNSSSr2', 'C0/NNNSSSr0', 'X/NSSSSSr0', 'X/NSSSSSr0']: 2 types, total count range (CP-SAT) [0, 0]
tags=['X/NSSSSSr0', 'X/NSSSSSr0', 'C2/NNNSSSr2', 'C2/NNNSSSr2']: 12 types, total count range (CP-SAT) [0, 0]
tags=['X/NSSSSSr0', 'X/NSSSSSr0', 'X/NSSNSSr1']: 90 types, total count range (CP-SAT) [0, 0]
tags=['X/NSSSSSr0', 'X/NSSSSSr0', 'X/NSSNSSr1', 'X/NSSSSSr0', 'X/NSSSSSr0']: 40 types, total count range (CP-SAT) [0, 0]
tags=['X/NSSSSSr0', 'X/NSSSSSr0', 'X/NSSNSSr2']: 56 types, total count range (CP-SAT) [0, 0]
tags=['X/NSSSSSr0', 'X/NSSSSSr0', 'X/NSSNSSr2', 'X/NSSSSSr0', 'X/NSSSSSr0']: 8 types, total count range (CP-SAT) [0, 0]
tags=['X/NSSSSSr0', 'X/NSSSSSr0', 'X/NSSSSSr0', 'X/NSSNSSr0', 'X/NSSSSSr0']: 30 types, total count range (CP-SAT) [0, 0]
tags=['X/NSSSSSr0', 'X/NSSSSSr0', 'X/NSSSSSr0', 'X/NSSSSSr0']: 120 types, total count range (CP-SAT) [0, 0]
tags=['X/NSSSSSr0', 'X/NSSSSSr0', 'X/NSSSSSr0', 'X/NSSSSSr0', 'C0/NNNSSSr0', 'C0/NNNSSSr0']: 4 types, total count range (CP-SAT) [0, 0]
tags=['X/NSSSSSr0', 'X/NSSSSSr0', 'X/NSSSSSr0', 'X/NSSSSSr0', 'C0/NNNSSSr0', 'C2/NNNSSSr2']: 4 types, total count range (CP-SAT) [0, 0]
tags=['X/NSSSSSr0', 'X/NSSSSSr0', 'X/NSSSSSr0', 'X/NSSSSSr0', 'C2/NNNSSSr2', 'C0/NNNSSSr0']: 2 types, total count range (CP-SAT) [0, 0]
tags=['X/NSSSSSr0', 'X/NSSSSSr0', 'X/NSSSSSr0', 'X/NSSSSSr0', 'C2/NNNSSSr2', 'C2/NNNSSSr2']: 2 types, total count range (CP-SAT) [0, 0]
tags=['X/NSSSSSr0', 'X/NSSSSSr0', 'X/NSSSSSr0', 'X/NSSSSSr0', 'X/NSSNSSr1']: 40 types, total count range (CP-SAT) [0, 0]
tags=['X/NSSSSSr0', 'X/NSSSSSr0', 'X/NSSSSSr0', 'X/NSSSSSr0', 'X/NSSNSSr2']: 8 types, total count range (CP-SAT) [0, 0]
tags=['X/NSSSSSr0', 'X/NSSSSSr0', 'X/NSSSSSr0', 'X/NSSSSSr0', 'X/NSSSSSr1']: 40 types, total count range (CP-SAT) [0, 0]
tags=['X/NSSSSSr0', 'X/NSSSSSr0', 'X/NSSSSSr0', 'X/NSSSSSr0', 'X/NSSSSSr2']: 12 types, total count range (CP-SAT) [0, 0]
tags=['X/NSSSSSr0', 'X/NSSSSSr0', 'X/NSSSSSr1']: 90 types, total count range (CP-SAT) [0, 0]
tags=['X/NSSSSSr0', 'X/NSSSSSr0', 'X/NSSSSSr1', 'X/NSSSSSr0', 'X/NSSSSSr0']: 40 types, total count range (CP-SAT) [0, 0]
tags=['X/NSSSSSr0', 'X/NSSSSSr0', 'X/NSSSSSr2']: 16 types, total count range (CP-SAT) [0, 0]
tags=['X/NSSSSSr1', 'X/NSSSSSr0', 'X/NSSSSSr0']: 90 types, total count range (CP-SAT) [0, 0]
tags=['X/NSSSSSr1', 'X/NSSSSSr0', 'X/NSSSSSr0', 'X/NSSSSSr0', 'X/NSSSSSr0']: 40 types, total count range (CP-SAT) [0, 0]
tags=['X/NSSSSSr1']: 28 types, total count range (CP-SAT) [0, 0]
tags=['X/NSSSSSr2', 'X/NSSSSSr0', 'X/NSSSSSr0']: 16 types, total count range (CP-SAT) [0, 0]
tags=['X/NSSSSSr2', 'X/NSSSSSr0', 'X/NSSSSSr0', 'X/NSSSSSr0', 'X/NSSSSSr0']: 12 types, total count range (CP-SAT) [0, 0]
tags=['X/NSSSSSr2']: 4 types, total count range (CP-SAT) [0, 0]
tags=[]: 16 types, total count range (CP-SAT) [0, 0]
hexagon-line groups (C0/C2 tags), aggregated total count range: [12, 12]
