words 658 distinct options 50 vec0 (1, 1, 1, 2, 1, 1, 1, 1, 1, 2, 1, 1)
assignments with P bad: 272 irreducible: 105
  P 10111111 Q 111011 bestdT -1 count 2
  P 10111111 Q 110011 bestdT -1 count 2
  P 10111011 Q 111011 bestdT -1 count 2
  P 10111011 Q 110011 bestdT -1 count 2
  P 01111111 Q 111101 bestdT -1 count 2
  P 01111111 Q 101101 bestdT -1 count 2
  P 01111111 Q 111100 bestdT -1 count 2
  P 01110111 Q 111101 bestdT -1 count 2
  P 01110111 Q 101101 bestdT -1 count 2
  P 01110111 Q 111100 bestdT -1 count 2
  P 10111111 Q 011011 bestdT -1 count 2
  P 10111011 Q 011011 bestdT -1 count 2
  P 11111111 Q 111111 bestdT -2 count 1
  P 11101111 Q 111111 bestdT -1 count 1
  P 11011111 Q 111111 bestdT -1 count 1
  P 11111111 Q 110111 bestdT -1 count 1
  P 11101111 Q 110111 bestdT -1 count 1
  P 11011111 Q 110111 bestdT -1 count 1
  P 11111111 Q 101111 bestdT -1 count 1
  P 11101111 Q 101111 bestdT -1 count 1
  P 11011111 Q 101111 bestdT -1 count 1
  P 11111111 Q 100111 bestdT -1 count 1
  P 11101111 Q 100111 bestdT -1 count 1
  P 11011111 Q 100111 bestdT -1 count 1
  P 11111011 Q 111111 bestdT -1 count 1
  P 11111011 Q 110111 bestdT -1 count 1
  P 11111011 Q 101111 bestdT -1 count 1
  P 11111011 Q 100111 bestdT -1 count 1
  P 11111101 Q 111111 bestdT -1 count 1
  P 11011101 Q 111111 bestdT -1 count 1
