('O1', 'O1', 'O1', 'O1', 'O1') 320 ([(0, 1), (0, 2), (0, 3), (0, 4), (1, 2), (1, 3)], 5, 6, 6)
('F', 'O1', 'O1', 'O1', 'O1') 214 ([(0, 1), (0, 2), (0, 3), (0, 4), (1, 2)], 6, 5, 5)
('V', 'O1', 'O1', 'O1', 'O1') 198 ([(0, 1), (0, 2), (0, 3), (0, 4), (1, 2)], 6, 5, 5)
('C', 'O1', 'O1', 'O1', 'O1') 196 ([(0, 1), (0, 3), (0, 4), (1, 2)], 7, 4, 4)
('V', 'V', 'O1', 'O1', 'O1') 135 ([(0, 2), (0, 4), (1, 2), (1, 3)], 7, 4, 4)
('C', 'O1', 'O1', 'O1', 'O0') 124 ([(0, 1), (0, 2), (0, 4), (1, 2), (1, 3), (1, 4)], 6, 6, 6)
('F', 'F', 'O1', 'O1', 'O1') 118 ([(0, 1), (0, 2), (0, 3), (0, 4), (1, 2)], 7, 5, 5)
('F', 'V', 'O1', 'O1', 'O1') 99 ([(0, 1), (0, 2), (1, 2), (1, 3), (1, 4)], 7, 5, 5)
('F', 'C', 'O1', 'O1', 'O1') 93 ([(0, 1), (0, 4), (1, 2), (1, 3)], 8, 4, 5)
('F', 'C', 'O1', 'O1', 'O0') 66 ([(0, 1), (0, 2), (0, 3), (0, 4), (1, 2), (1, 4)], 7, 6, 6)
('C', 'C', 'O1', 'O1', 'O1') 64 ([(0, 1), (0, 2), (0, 4), (1, 2), (1, 3)], 9, 5, 5)
('V', 'C', 'O1', 'O1', 'O1') 60 ([(0, 1), (0, 4), (1, 2), (1, 3)], 8, 4, 4)
('C', 'C', 'O1', 'O1', 'O0') 54 ([(0, 1), (0, 3), (0, 4), (1, 2), (1, 4)], 8, 5, 5)
('V', 'C', 'O1', 'O1', 'O0') 47 ([(0, 1), (0, 2), (0, 3), (0, 4), (1, 2), (1, 4)], 7, 6, 6)
('C', 'C', 'O1', 'O0', 'O0') 46 ([(0, 2), (0, 3), (0, 4), (1, 2), (1, 3), (1, 4)], 7, 6, 6)
('F', 'F', 'F', 'O1', 'O1') 44 ([(0, 1), (0, 2), (0, 3), (0, 4), (1, 3), (2, 3)], 8, 6, 6)
('F', 'C', 'C', 'O1', 'O1') 30 ([(0, 1), (0, 2), (1, 2), (1, 4), (2, 3)], 10, 5, 5)
('F', 'F', 'V', 'O1', 'O1') 29 ([(0, 1), (0, 4), (1, 4), (2, 3)], 8, 4, 4)
('F', 'V', 'V', 'O1', 'O1') 29 ([(0, 1), (0, 2), (1, 4), (2, 3)], 8, 4, 5)
('F', 'F', 'F', 'O1', 'O0') 28 ([(0, 1), (0, 2), (0, 3), (0, 4), (1, 4), (2, 3)], 7, 6, 6)
('F', 'F', 'O1', 'O1', 'O0') 28 ([(0, 1), (0, 2), (0, 3), (0, 4), (1, 2), (1, 3), (1, 4)], 6, 7, 7)
('F', 'F', 'C', 'O1', 'O1') 26 ([(0, 2), (0, 4), (1, 2), (1, 3), (2, 3)], 9, 5, 6)
('F', 'C', 'C', 'O1', 'O0') 25 ([(0, 1), (0, 2), (0, 3), (0, 4), (1, 2), (1, 4), (2, 3)], 9, 7, 7)
('F', 'V', 'C', 'O1', 'O1') 24 ([(0, 2), (0, 3), (1, 2), (1, 4), (2, 3)], 9, 5, 5)
('C', 'C', 'C', 'O1', 'O1') 24 ([(0, 1), (0, 2), (0, 4), (1, 2), (1, 3), (2, 3)], 11, 6, 6)
('F', 'F', 'C', 'O1', 'O0') 22 ([(0, 2), (0, 4), (1, 2), (1, 4), (2, 3)], 8, 5, 6)
('F', 'C', 'C', 'O0', 'O0') 22 ([(0, 1), (0, 2), (0, 3), (0, 4), (1, 2), (1, 4), (2, 3)], 8, 7, 7)
('X', 'V', 'O1', 'O1', 'O1') 21 ([(1, 2), (1, 4), (2, 3)], 7, 3, 3)
('X', 'O1', 'O1', 'O1', 'O1') 21 ([(1, 2), (1, 3), (1, 4), (2, 3)], 6, 4, 4)
('C', 'C', 'C', 'O1', 'O0') 21 ([(0, 1), (0, 2), (0, 4), (1, 2), (1, 4), (2, 3)], 10, 6, 6)
('F', 'V', 'C', 'O1', 'O0') 19 ([(0, 2), (0, 4), (1, 2), (1, 4), (2, 3)], 8, 5, 6)
('C', 'C', 'C', 'O0', 'O0') 18 ([(0, 2), (0, 3), (0, 4), (1, 2), (1, 3), (1, 4), (2, 3)], 9, 7, 7)
('X', 'V', 'V', 'O1', 'O1') 13 ([(1, 4), (2, 3)], 8, 2, 2)
('X', 'F', 'O1', 'O1', 'O1') 12 ([(1, 2), (1, 3), (2, 3), (2, 4)], 7, 4, 4)
('F', 'C', 'C', 'C', 'O1') 12 ([(0, 2), (0, 3), (1, 2), (1, 3), (1, 4), (2, 3)], 12, 6, 6)
('V', 'C', 'C', 'O1', 'O1') 11 ([(0, 2), (0, 4), (1, 2), (1, 3), (1, 4), (2, 3)], 10, 6, 6)
('V', 'C', 'C', 'O1', 'O0') 11 ([(0, 2), (0, 4), (1, 2), (1, 3), (1, 4), (2, 3)], 9, 6, 6)
('V', 'C', 'C', 'O0', 'O0') 11 ([(0, 2), (0, 4), (1, 2), (1, 3), (1, 4), (2, 3)], 8, 6, 6)
('X', 'F', 'V', 'O1', 'O1') 9 ([(1, 2), (1, 4), (2, 3)], 8, 3, 4)
('F', 'C', 'C', 'C', 'C') 9 ([(0, 1), (0, 2), (0, 3), (0, 4), (1, 3), (1, 4), (2, 3), (2, 4)], 14, 8, 8)
('F', 'C', 'C', 'C', 'O0') 9 ([(0, 1), (0, 2), (0, 3), (0, 4), (1, 3), (1, 4), (2, 3), (2, 4)], 11, 8, 8)
('C', 'C', 'C', 'C', 'O1') 9 ([(0, 2), (0, 3), (0, 4), (1, 2), (1, 3), (1, 4), (2, 3)], 13, 7, 7)
('C', 'C', 'C', 'C', 'O0') 9 ([(0, 2), (0, 3), (0, 4), (1, 2), (1, 3), (1, 4), (2, 3)], 12, 7, 7)
('F', 'F', 'C', 'O0', 'O0') 8 ([(0, 1), (0, 2), (0, 3), (0, 4), (1, 3), (2, 3), (2, 4)], 7, 7, 7)
('X', 'C', 'O1', 'O1', 'O1') 7 ([(1, 2), (1, 3), (1, 4)], 8, 3, 3)
('F', 'F', 'F', 'F', 'O1') 7 ([(0, 1), (0, 2), (0, 3), (0, 4), (1, 4), (2, 4), (3, 4)], 9, 7, 7)
('F', 'F', 'F', 'F', 'O0') 7 ([(0, 1), (0, 2), (0, 3), (0, 4), (1, 4), (2, 4), (3, 4)], 8, 7, 7)
('F', 'F', 'C', 'C', 'O1') 7 ([(0, 3), (0, 4), (1, 2), (1, 3), (2, 3), (2, 4)], 11, 6, 7)
('F', 'F', 'C', 'C', 'O0') 7 ([(0, 3), (0, 4), (1, 2), (1, 3), (2, 3), (2, 4)], 10, 6, 7)
('X', 'F', 'F', 'O1', 'O1') 6 ([(1, 3), (1, 4), (2, 3), (2, 4)], 8, 4, 5)
('X', 'C', 'O1', 'O1', 'O0') 5 ([(1, 2), (1, 3), (1, 4), (2, 4)], 7, 4, 4)
('F', 'F', 'V', 'C', 'O1') 5 ([(0, 2), (0, 3), (1, 2), (1, 3), (2, 3), (2, 4)], 10, 6, 6)
('X', 'X', 'O1', 'O1', 'O1') 4 ([(2, 3), (2, 4)], 7, 2, 2)
('X', 'F', 'C', 'O1', 'O1') 4 ([(1, 2), (1, 3), (2, 3), (2, 4)], 9, 4, 4)
('F', 'F', 'V', 'C', 'O0') 4 ([(0, 3), (0, 4), (1, 3), (1, 4), (2, 3), (2, 4)], 9, 6, 7)
('X', 'X', 'V', 'O1', 'O1') 3 ([(2, 3), (2, 4)], 8, 2, 2)
('X', 'F', 'C', 'O1', 'O0') 3 ([(1, 2), (1, 4), (2, 3), (2, 4)], 8, 4, 4)
('F', 'F', 'V', 'O1', 'O0') 3 ([(0, 2), (0, 4), (1, 2), (1, 4), (2, 3), (2, 4)], 7, 6, 6)
('F', 'V', 'C', 'C', 'O1') 3 ([(0, 2), (0, 3), (1, 3), (1, 4), (2, 3), (2, 4)], 11, 6, 6)
('F', 'V', 'C', 'C', 'O0') 3 ([(0, 2), (0, 3), (1, 3), (1, 4), (2, 3), (2, 4)], 10, 6, 6)
('F', 'C', 'O1', 'O0', 'O0') 3 ([(0, 1), (0, 2), (0, 3), (0, 4), (1, 3), (1, 4), (2, 3), (2, 4)], 6, 8, 8)
('F', 'O1', 'O1', 'O1', 'O0') 3 ([(0, 1), (0, 2), (0, 3), (0, 4), (1, 3), (1, 4), (2, 3), (2, 4)], 5, 8, 8)
('V', 'C', 'C', 'C', 'O1') 3 ([(0, 3), (0, 4), (1, 2), (1, 3), (1, 4), (2, 3), (2, 4)], 12, 7, 7)
('V', 'C', 'C', 'C', 'O0') 3 ([(0, 3), (0, 4), (1, 2), (1, 3), (1, 4), (2, 3), (2, 4)], 11, 7, 7)
('X', 'X', 'F', 'O1', 'O1') 2 ([(2, 3), (2, 4)], 8, 2, 3)
('F', 'V', 'V', 'O1', 'O0') 2 ([(0, 3), (0, 4), (1, 2), (1, 4), (2, 3), (3, 4)], 7, 6, 6)
('V', 'V', 'C', 'O1', 'O0') 2 ([(0, 2), (0, 4), (1, 2), (1, 4), (2, 3)], 8, 5, 5)
('X', 'X', 'X', 'V', 'O1') 1 ([(3, 4)], 9, 1, 1)
('X', 'X', 'X', 'O1', 'O1') 1 ([(3, 4)], 8, 1, 1)
('X', 'X', 'F', 'F', 'O1') 1 ([(2, 3), (2, 4), (3, 4)], 9, 3, 3)
('X', 'X', 'F', 'F', 'O0') 1 ([(2, 3), (2, 4), (3, 4)], 8, 3, 3)
('X', 'F', 'F', 'V', 'O1') 1 ([(1, 2), (1, 4), (2, 4), (3, 4)], 9, 4, 4)
('X', 'F', 'F', 'V', 'O0') 1 ([(1, 2), (1, 4), (2, 4), (3, 4)], 8, 4, 4)
('X', 'F', 'F', 'C', 'C') 1 ([(1, 3), (1, 4), (2, 3), (2, 4), (3, 4)], 12, 5, 5)
('X', 'F', 'F', 'C', 'O1') 1 ([(1, 3), (1, 4), (2, 3), (2, 4), (3, 4)], 10, 5, 5)
('X', 'F', 'F', 'C', 'O0') 1 ([(1, 3), (1, 4), (2, 3), (2, 4), (3, 4)], 9, 5, 5)
('X', 'F', 'F', 'O1', 'O0') 1 ([(1, 3), (1, 4), (2, 3), (2, 4), (3, 4)], 7, 5, 5)
('X', 'F', 'C', 'C', 'O1') 1 ([(1, 2), (1, 3), (2, 3), (2, 4), (3, 4)], 11, 5, 5)
('X', 'F', 'C', 'C', 'O0') 1 ([(1, 2), (1, 3), (2, 3), (2, 4), (3, 4)], 10, 5, 5)
('X', 'C', 'C', 'O1', 'O1') 1 ([(1, 2), (1, 3), (1, 4), (2, 3), (2, 4)], 10, 5, 5)
('X', 'C', 'C', 'O1', 'O0') 1 ([(1, 2), (1, 3), (1, 4), (2, 3), (2, 4)], 9, 5, 5)
('X', 'C', 'C', 'O0', 'O0') 1 ([(1, 2), (1, 3), (1, 4), (2, 3), (2, 4)], 8, 5, 5)
('F', 'F', 'F', 'C', 'C') 1 ([(0, 3), (0, 4), (1, 3), (1, 4), (2, 3), (2, 4)], 12, 6, 7)
('F', 'F', 'F', 'C', 'O1') 1 ([(0, 3), (0, 4), (1, 3), (1, 4), (2, 3), (2, 4)], 10, 6, 7)
('F', 'F', 'F', 'C', 'O0') 1 ([(0, 3), (0, 4), (1, 3), (1, 4), (2, 3), (2, 4)], 9, 6, 7)
('F', 'F', 'V', 'V', 'O0') 1 ([(0, 1), (0, 4), (1, 4), (2, 4), (3, 4)], 8, 5, 5)
('F', 'V', 'V', 'C', 'O0') 1 ([(0, 3), (0, 4), (1, 3), (1, 4), (2, 3), (2, 4)], 9, 6, 7)
('V', 'V', 'V', 'O1', 'O0') 1 ([(0, 3), (0, 4), (1, 3), (1, 4), (2, 3), (2, 4)], 7, 6, 6)
88 type multisets survive; 2505 labelled graphs
