('C', 'O1b', 'O1b', 'O1b', 'O1b') 60 ([(0, 1), (0, 2), (0, 4), (1, 2), (1, 3), (1, 4), (2, 3)], 7, 7, 7)
('F', 'F', 'F', 'O1b', 'O1b') 32 ([(0, 1), (0, 2), (0, 3), (0, 4), (1, 3), (2, 3)], 8, 6, 6)
('V', 'C', 'O1b', 'O1b', 'O1b') 30 ([(0, 2), (0, 3), (1, 2), (1, 3), (1, 4)], 8, 5, 5)
('F', 'F', 'O1b', 'O1b', 'O1b') 28 ([(0, 1), (0, 2), (0, 3), (0, 4), (1, 2), (1, 3), (1, 4)], 7, 7, 7)
('F', 'C', 'O1b', 'O1b', 'O1b') 18 ([(0, 2), (0, 3), (1, 2), (1, 3), (1, 4), (2, 3)], 8, 6, 6)
('F', 'F', 'V', 'O1b', 'O1b') 15 ([(0, 1), (0, 3), (1, 3), (2, 3), (2, 4)], 8, 5, 5)
('F', 'F', 'F', 'O1b', 'O0') 13 ([(0, 1), (0, 2), (0, 3), (0, 4), (1, 3), (2, 3), (3, 4)], 7, 7, 7)
('C', 'O1', 'O1b', 'O1b', 'O1b') 12 ([(0, 2), (0, 3), (0, 4), (1, 2), (2, 3), (2, 4)], 7, 6, 6)
('F', 'F', 'F', 'F', 'O1b') 7 ([(0, 1), (0, 2), (0, 3), (0, 4), (1, 4), (2, 4), (3, 4)], 9, 7, 7)
('F', 'F', 'F', 'F', 'O0') 7 ([(0, 1), (0, 2), (0, 3), (0, 4), (1, 4), (2, 4), (3, 4)], 8, 7, 7)
('X', 'C', 'O1b', 'O1b', 'O1b') 6 ([(1, 2), (1, 3), (1, 4), (2, 3)], 8, 4, 4)
('F', 'F', 'F', 'O1', 'O1b') 6 ([(0, 1), (0, 2), (0, 3), (0, 4), (1, 4), (2, 4)], 8, 6, 6)
('F', 'F', 'O1', 'O1b', 'O1b') 6 ([(0, 1), (0, 2), (0, 3), (0, 4), (1, 3), (3, 4)], 7, 6, 6)
('F', 'C', 'O1b', 'O1b', 'O0') 6 ([(0, 2), (0, 3), (1, 2), (1, 3), (1, 4), (2, 3), (2, 4)], 7, 7, 7)
('F', 'V', 'V', 'O1b', 'O1b') 5 ([(0, 3), (0, 4), (1, 3), (1, 4), (2, 3), (2, 4)], 8, 6, 7)
('V', 'C', 'O1', 'O1b', 'O1b') 5 ([(0, 3), (1, 2), (1, 3), (1, 4)], 8, 4, 4)
('X', 'V', 'V', 'O1', 'O1') 4 ([(1, 4), (2, 3)], 8, 2, 2)
('X', 'V', 'V', 'O1', 'O1b') 4 ([(1, 2), (1, 4), (2, 3)], 8, 3, 3)
('F', 'F', 'V', 'O1', 'O1b') 4 ([(0, 1), (0, 4), (1, 4), (2, 3)], 8, 4, 4)
('C', 'O1', 'O1', 'O1b', 'O1b') 4 ([(0, 2), (0, 3), (0, 4), (1, 3), (3, 4)], 7, 5, 5)
('X', 'F', 'F', 'O1b', 'O1b') 3 ([(1, 2), (1, 3), (2, 3), (3, 4)], 8, 4, 4)
('X', 'V', 'V', 'O1b', 'O1b') 3 ([(1, 3), (1, 4), (2, 3), (2, 4)], 8, 4, 4)
('F', 'F', 'F', 'O1', 'O0') 3 ([(0, 1), (0, 2), (0, 3), (0, 4), (1, 4), (2, 4)], 7, 6, 6)
('F', 'F', 'O1', 'O1', 'O1b') 3 ([(0, 1), (0, 2), (0, 3), (0, 4), (1, 4)], 7, 5, 5)
('V', 'C', 'O1b', 'O1b', 'O0') 3 ([(0, 3), (0, 4), (1, 2), (1, 3), (1, 4), (2, 3), (2, 4)], 7, 7, 7)
('C', 'O1', 'O1', 'O1', 'O1b') 3 ([(0, 2), (0, 3), (0, 4), (1, 4)], 7, 4, 4)
('X', 'X', 'V', 'O1', 'O1b') 2 ([(2, 3), (2, 4)], 8, 2, 2)
('X', 'F', 'V', 'O1', 'O1') 2 ([(1, 2), (1, 4), (2, 3)], 8, 3, 4)
('X', 'F', 'V', 'O1b', 'O1b') 2 ([(1, 3), (1, 4), (2, 3), (3, 4)], 8, 4, 4)
('X', 'C', 'O1', 'O1b', 'O1b') 2 ([(1, 2), (1, 3), (1, 4)], 8, 3, 3)
('F', 'V', 'V', 'O1', 'O1') 2 ([(0, 1), (0, 2), (1, 4), (2, 3)], 8, 4, 5)
('F', 'V', 'O1', 'O1b', 'O1b') 2 ([(0, 1), (0, 3), (1, 2), (1, 3), (1, 4), (3, 4)], 7, 6, 6)
('F', 'C', 'O1', 'O1b', 'O1b') 2 ([(0, 3), (0, 4), (1, 2), (1, 3), (1, 4)], 8, 5, 6)
('X', 'X', 'X', 'V', 'O1') 1 ([(3, 4)], 9, 1, 1)
('X', 'X', 'X', 'V', 'O1b') 1 ([(3, 4)], 9, 1, 1)
('X', 'X', 'X', 'O1', 'O1') 1 ([(3, 4)], 8, 1, 1)
('X', 'X', 'X', 'O1', 'O1b') 1 ([(3, 4)], 8, 1, 1)
('X', 'X', 'F', 'F', 'O1b') 1 ([(2, 3), (2, 4), (3, 4)], 9, 3, 3)
('X', 'X', 'F', 'F', 'O0') 1 ([(2, 3), (2, 4), (3, 4)], 8, 3, 3)
('X', 'X', 'F', 'O1', 'O1') 1 ([(2, 3), (2, 4)], 8, 2, 3)
('X', 'X', 'F', 'O1b', 'O1b') 1 ([(2, 3), (2, 4), (3, 4)], 8, 3, 3)
('X', 'X', 'V', 'O1', 'O1') 1 ([(2, 3), (2, 4)], 8, 2, 2)
('X', 'F', 'F', 'V', 'O1b') 1 ([(1, 2), (1, 4), (2, 4), (3, 4)], 9, 4, 4)
('X', 'F', 'F', 'V', 'O0') 1 ([(1, 2), (1, 4), (2, 4), (3, 4)], 8, 4, 4)
('X', 'F', 'F', 'O1', 'O1b') 1 ([(1, 2), (1, 4), (2, 4), (3, 4)], 8, 4, 4)
('X', 'C', 'O1', 'O1', 'O1') 1 ([(1, 2), (1, 3), (1, 4)], 8, 3, 3)
('X', 'C', 'O1', 'O1', 'O1b') 1 ([(1, 2), (1, 3), (1, 4)], 8, 3, 3)
('F', 'F', 'V', 'V', 'O0') 1 ([(0, 1), (0, 4), (1, 4), (2, 4), (3, 4)], 8, 5, 5)
('F', 'F', 'V', 'O1', 'O0') 1 ([(0, 2), (0, 4), (1, 2), (1, 4), (2, 3), (2, 4)], 7, 6, 6)
('F', 'V', 'O1', 'O1', 'O1b') 1 ([(0, 1), (0, 4), (1, 2), (1, 3), (1, 4)], 7, 5, 5)
('F', 'C', 'O1', 'O1b', 'O0') 1 ([(0, 3), (0, 4), (1, 2), (1, 3), (1, 4), (3, 4)], 7, 6, 6)
('V', 'C', 'O1', 'O1', 'O1b') 1 ([(0, 4), (1, 2), (1, 3), (1, 4)], 8, 4, 4)
52 type multisets survive; 323 labelled graphs
