ROW ('X', 'X', 'X', 'V', 'O1') [(3, 4)] slack 0 faces [] twoF [] partners {3: 4}
ROW ('X', 'F', 'F', 'O1', 'O1b') [(1, 2), (1, 4), (2, 4), (3, 4)] slack 0 faces [(1, 2, 4)] twoF [(1, 2, 4)] partners {}
ROW ('X', 'F', 'F', 'O1b', 'O1b') [(1, 3), (1, 4), (2, 3), (2, 4), (3, 4)] slack 0 faces [(1, 3, 4), (2, 3, 4)] twoF [] partners {}
ROW ('F', 'F', 'F', 'F', 'O1b') [(0, 3), (0, 4), (1, 2), (1, 4), (2, 4), (3, 4)] slack 3 faces [(0, 3, 4), (1, 2, 4)] twoF [(0, 3, 4), (1, 2, 4)] partners {}
ROW ('F', 'F', 'F', 'F', 'O1b') [(0, 2), (0, 4), (1, 3), (1, 4), (2, 4), (3, 4)] slack 3 faces [(0, 2, 4), (1, 3, 4)] twoF [(0, 2, 4), (1, 3, 4)] partners {}
ROW ('F', 'F', 'F', 'F', 'O1b') [(0, 1), (0, 4), (1, 4), (2, 3), (2, 4), (3, 4)] slack 3 faces [(0, 1, 4), (2, 3, 4)] twoF [(0, 1, 4), (2, 3, 4)] partners {}
ROW ('F', 'F', 'F', 'O1', 'O1b') [(0, 3), (0, 4), (1, 2), (1, 4), (2, 4)] slack 0 faces [(0, 3, 4), (1, 2, 4)] twoF [(1, 2, 4)] partners {}
ROW ('F', 'F', 'F', 'O1', 'O1b') [(0, 2), (0, 4), (1, 3), (1, 4), (2, 4)] slack 0 faces [(0, 2, 4), (1, 3, 4)] twoF [(0, 2, 4)] partners {}
ROW ('F', 'F', 'F', 'O1', 'O1b') [(0, 1), (0, 4), (1, 4), (2, 3), (2, 4)] slack 0 faces [(0, 1, 4), (2, 3, 4)] twoF [(0, 1, 4)] partners {}
ROW ('F', 'F', 'F', 'O1b', 'O1b') [(0, 3), (0, 4), (1, 2), (1, 3), (2, 3), (3, 4)] slack 1 faces [(0, 3, 4), (1, 2, 3)] twoF [(1, 2, 3)] partners {}
ROW ('F', 'F', 'F', 'O1b', 'O1b') [(0, 2), (0, 3), (1, 3), (1, 4), (2, 3), (3, 4)] slack 1 faces [(0, 2, 3), (1, 3, 4)] twoF [(0, 2, 3)] partners {}
ROW ('F', 'F', 'F', 'O1b', 'O1b') [(0, 3), (0, 4), (1, 2), (1, 4), (2, 4), (3, 4)] slack 1 faces [(0, 3, 4), (1, 2, 4)] twoF [(1, 2, 4)] partners {}
ROW ('F', 'F', 'F', 'O1b', 'O1b') [(0, 2), (0, 4), (1, 3), (1, 4), (2, 4), (3, 4)] slack 1 faces [(0, 2, 4), (1, 3, 4)] twoF [(0, 2, 4)] partners {}
ROW ('F', 'F', 'F', 'O1b', 'O1b') [(0, 1), (0, 3), (1, 3), (2, 3), (2, 4), (3, 4)] slack 1 faces [(0, 1, 3), (2, 3, 4)] twoF [(0, 1, 3)] partners {}
ROW ('F', 'F', 'F', 'O1b', 'O1b') [(0, 1), (0, 4), (1, 4), (2, 3), (2, 4), (3, 4)] slack 1 faces [(0, 1, 4), (2, 3, 4)] twoF [(0, 1, 4)] partners {}
ROW ('F', 'F', 'V', 'O1', 'O1b') [(0, 1), (0, 4), (1, 4), (2, 3), (2, 4)] slack 0 faces [(0, 1, 4)] twoF [(0, 1, 4)] partners {2: 3}
ROW ('F', 'F', 'V', 'O1', 'O1b') [(0, 2), (0, 4), (1, 2), (1, 4), (2, 3), (2, 4)] slack 0 faces [(0, 2, 4), (1, 2, 4)] twoF [] partners {2: 3}
ROW ('F', 'F', 'V', 'O1b', 'O1b') [(0, 1), (0, 4), (1, 4), (2, 3), (3, 4)] slack 0 faces [(0, 1, 4)] twoF [(0, 1, 4)] partners {2: 3}
ROW ('F', 'F', 'V', 'O1b', 'O1b') [(0, 3), (0, 4), (1, 3), (1, 4), (2, 3), (3, 4)] slack 1 faces [(0, 3, 4), (1, 3, 4)] twoF [] partners {2: 3}
ROW ('F', 'F', 'V', 'O1b', 'O1b') [(0, 1), (0, 3), (1, 3), (2, 4), (3, 4)] slack 0 faces [(0, 1, 3)] twoF [(0, 1, 3)] partners {2: 4}
ROW ('F', 'F', 'V', 'O1b', 'O1b') [(0, 3), (0, 4), (1, 3), (1, 4), (2, 4), (3, 4)] slack 1 faces [(0, 3, 4), (1, 3, 4)] twoF [] partners {2: 4}
ROW ('F', 'F', 'O1', 'O1', 'O1b') [(0, 1), (0, 4), (1, 4), (2, 4), (3, 4)] slack 0 faces [(0, 1, 4)] twoF [(0, 1, 4)] partners {}
ROW ('F', 'F', 'O1', 'O1b', 'O1b') [(0, 3), (0, 4), (1, 3), (1, 4), (2, 3), (3, 4)] slack 0 faces [(0, 3, 4), (1, 3, 4)] twoF [] partners {}
ROW ('F', 'F', 'O1', 'O1b', 'O1b') [(0, 3), (0, 4), (1, 3), (1, 4), (2, 4), (3, 4)] slack 0 faces [(0, 3, 4), (1, 3, 4)] twoF [] partners {}
ROW ('F', 'F', 'O1b', 'O1b', 'O1b') [(0, 2), (0, 4), (1, 2), (1, 3), (2, 3), (2, 4), (3, 4)] slack 0 faces [(0, 2, 4), (1, 2, 3), (2, 3, 4)] twoF [] partners {}
ROW ('F', 'F', 'O1b', 'O1b', 'O1b') [(0, 3), (0, 4), (1, 2), (1, 3), (2, 3), (2, 4), (3, 4)] slack 0 faces [(0, 3, 4), (1, 2, 3), (2, 3, 4)] twoF [] partners {}
ROW ('F', 'F', 'O1b', 'O1b', 'O1b') [(0, 2), (0, 3), (1, 2), (1, 4), (2, 3), (2, 4), (3, 4)] slack 0 faces [(0, 2, 3), (1, 2, 4), (2, 3, 4)] twoF [] partners {}
ROW ('F', 'F', 'O1b', 'O1b', 'O1b') [(0, 3), (0, 4), (1, 2), (1, 4), (2, 3), (2, 4), (3, 4)] slack 0 faces [(0, 3, 4), (1, 2, 4), (2, 3, 4)] twoF [] partners {}
ROW ('F', 'F', 'O1b', 'O1b', 'O1b') [(0, 2), (0, 3), (1, 3), (1, 4), (2, 3), (2, 4), (3, 4)] slack 0 faces [(0, 2, 3), (1, 3, 4), (2, 3, 4)] twoF [] partners {}
ROW ('F', 'F', 'O1b', 'O1b', 'O1b') [(0, 2), (0, 4), (1, 3), (1, 4), (2, 3), (2, 4), (3, 4)] slack 0 faces [(0, 2, 4), (1, 3, 4), (2, 3, 4)] twoF [] partners {}
ROW ('F', 'V', 'V', 'O1b', 'O1b') [(0, 3), (0, 4), (1, 4), (2, 3), (3, 4)] slack 0 faces [(0, 3, 4)] twoF [] partners {1: 4, 2: 3}
ROW ('F', 'V', 'V', 'O1b', 'O1b') [(0, 3), (0, 4), (1, 3), (2, 4), (3, 4)] slack 0 faces [(0, 3, 4)] twoF [] partners {1: 3, 2: 4}
('F', 'C', 'O1b', 'O1b', 'O1b') 66 ([(0, 1), (0, 2), (1, 2), (1, 4), (2, 3)], 8, 5, 5)
('C', 'C', 'O1b', 'O1b', 'O1b') 64 ([(0, 1), (0, 2), (0, 4), (1, 2), (1, 3)], 9, 5, 5)
('C', 'O1b', 'O1b', 'O1b', 'O1b') 60 ([(0, 1), (0, 2), (0, 4), (1, 2), (1, 3), (1, 4), (2, 3)], 7, 7, 7)
('C', 'C', 'O1b', 'O1b', 'O0') 54 ([(0, 1), (0, 3), (0, 4), (1, 2), (1, 4)], 8, 5, 5)
('V', 'C', 'O1b', 'O1b', 'O1b') 39 ([(0, 2), (1, 2), (1, 3), (1, 4), (2, 3)], 8, 5, 5)
('C', 'C', 'O1b', 'O0', 'O0') 33 ([(0, 2), (0, 3), (0, 4), (1, 2), (1, 3), (1, 4), (2, 3)], 7, 7, 7)
('F', 'C', 'C', 'O1b', 'O1b') 25 ([(0, 1), (0, 2), (1, 2), (1, 4), (2, 3)], 10, 5, 5)
('F', 'V', 'C', 'O1b', 'O1b') 24 ([(0, 2), (0, 3), (1, 2), (1, 4), (2, 3)], 9, 5, 6)
('C', 'C', 'C', 'O1b', 'O1b') 24 ([(0, 1), (0, 2), (0, 4), (1, 2), (1, 3), (2, 3)], 11, 6, 6)
('F', 'F', 'C', 'O1b', 'O1b') 22 ([(0, 2), (0, 4), (1, 2), (1, 3), (2, 3)], 9, 5, 6)
('C', 'C', 'C', 'O1b', 'O0') 21 ([(0, 1), (0, 2), (0, 4), (1, 2), (1, 4), (2, 3)], 10, 6, 6)
('F', 'C', 'C', 'O1b', 'O0') 20 ([(0, 2), (0, 4), (1, 2), (1, 3), (1, 4), (2, 3)], 9, 6, 7)
('C', 'C', 'C', 'O0', 'O0') 18 ([(0, 2), (0, 3), (0, 4), (1, 2), (1, 3), (1, 4), (2, 3)], 9, 7, 7)
('F', 'C', 'C', 'O0', 'O0') 17 ([(0, 2), (0, 4), (1, 2), (1, 3), (1, 4), (2, 3)], 8, 6, 7)
('F', 'F', 'C', 'O1b', 'O0') 15 ([(0, 3), (0, 4), (1, 2), (1, 3), (2, 3), (2, 4)], 8, 6, 7)
('F', 'C', 'O1', 'O1b', 'O1b') 15 ([(0, 3), (0, 4), (1, 2), (1, 3), (1, 4)], 8, 5, 6)
('F', 'C', 'O1b', 'O1b', 'O0') 12 ([(0, 2), (0, 3), (1, 2), (1, 3), (1, 4), (2, 3), (2, 4)], 7, 7, 7)
('C', 'O1', 'O1b', 'O1b', 'O1b') 12 ([(0, 2), (0, 3), (0, 4), (1, 2), (2, 3), (2, 4)], 7, 6, 6)
('F', 'V', 'C', 'O1b', 'O0') 11 ([(0, 2), (0, 4), (1, 3), (2, 3), (2, 4)], 8, 5, 5)
('V', 'C', 'C', 'O1b', 'O1b') 11 ([(0, 2), (0, 4), (1, 2), (1, 3), (1, 4), (2, 3)], 10, 6, 7)
('V', 'C', 'C', 'O1b', 'O0') 11 ([(0, 2), (0, 4), (1, 2), (1, 3), (1, 4), (2, 3)], 9, 6, 7)
('V', 'C', 'C', 'O0', 'O0') 11 ([(0, 2), (0, 4), (1, 2), (1, 3), (1, 4), (2, 3)], 8, 6, 7)
('C', 'C', 'O1', 'O1b', 'O1b') 10 ([(0, 1), (0, 3), (0, 4), (1, 2), (1, 3)], 9, 5, 5)
('F', 'C', 'C', 'C', 'O1b') 9 ([(0, 2), (0, 3), (1, 2), (1, 3), (1, 4), (2, 3)], 12, 6, 6)
('V', 'C', 'O1', 'O1b', 'O1b') 9 ([(0, 1), (0, 2), (0, 3), (0, 4), (1, 3), (1, 4)], 8, 6, 8)
('C', 'C', 'C', 'C', 'O1b') 9 ([(0, 2), (0, 3), (0, 4), (1, 2), (1, 3), (1, 4), (2, 3)], 13, 7, 7)
('C', 'C', 'C', 'C', 'O0') 9 ([(0, 2), (0, 3), (0, 4), (1, 2), (1, 3), (1, 4), (2, 3)], 12, 7, 7)
('C', 'C', 'O1', 'O1b', 'O0') 8 ([(0, 1), (0, 3), (0, 4), (1, 2), (1, 4)], 8, 5, 5)
('F', 'F', 'C', 'C', 'O1b') 7 ([(0, 3), (0, 4), (1, 2), (1, 3), (2, 3), (2, 4)], 11, 6, 7)
('F', 'F', 'C', 'C', 'O0') 7 ([(0, 3), (0, 4), (1, 2), (1, 3), (2, 3), (2, 4)], 10, 6, 7)
('F', 'F', 'F', 'O1b', 'O1b') 6 ([(0, 3), (0, 4), (1, 2), (1, 3), (2, 3), (3, 4)], 8, 6, 6)
('F', 'F', 'O1b', 'O1b', 'O1b') 6 ([(0, 2), (0, 4), (1, 2), (1, 3), (2, 3), (2, 4), (3, 4)], 7, 7, 7)
('F', 'C', 'C', 'C', 'C') 6 ([(0, 3), (0, 4), (1, 2), (1, 3), (1, 4), (2, 3), (2, 4)], 14, 7, 8)
('F', 'C', 'C', 'C', 'O0') 6 ([(0, 3), (0, 4), (1, 2), (1, 3), (1, 4), (2, 3), (2, 4)], 11, 7, 8)
('C', 'C', 'O1', 'O0', 'O0') 6 ([(0, 1), (0, 3), (0, 4), (1, 3), (1, 4), (2, 3)], 7, 6, 6)
('F', 'F', 'V', 'C', 'O1b') 5 ([(0, 2), (0, 3), (1, 2), (1, 3), (2, 3), (2, 4)], 10, 6, 8)
('F', 'V', 'C', 'O1', 'O1b') 5 ([(0, 2), (0, 4), (1, 2), (1, 4), (2, 3)], 9, 5, 7)
('F', 'C', 'C', 'O1', 'O1b') 5 ([(0, 1), (0, 2), (1, 2), (1, 4), (2, 3)], 10, 5, 5)
('F', 'C', 'O1', 'O1', 'O1b') 5 ([(0, 1), (0, 4), (1, 2), (1, 3)], 8, 4, 5)
('F', 'C', 'O1', 'O1b', 'O0') 5 ([(0, 3), (0, 4), (1, 2), (1, 3), (1, 4), (3, 4)], 7, 6, 6)
('X', 'F', 'C', 'O1b', 'O1b') 4 ([(1, 2), (1, 3), (2, 3), (2, 4)], 9, 4, 4)
('F', 'F', 'V', 'C', 'O0') 4 ([(0, 3), (0, 4), (1, 3), (1, 4), (2, 3), (2, 4)], 9, 6, 8)
('F', 'F', 'V', 'O1b', 'O1b') 4 ([(0, 1), (0, 4), (1, 4), (2, 3), (3, 4)], 8, 5, 5)
('F', 'F', 'C', 'O1', 'O1b') 4 ([(0, 2), (0, 4), (1, 2), (1, 4), (2, 3)], 9, 5, 6)
('F', 'F', 'C', 'O1', 'O0') 4 ([(0, 2), (0, 4), (1, 2), (1, 4), (2, 3)], 8, 5, 6)
('F', 'F', 'C', 'O0', 'O0') 4 ([(0, 3), (0, 4), (1, 2), (1, 3), (2, 3), (2, 4), (3, 4)], 7, 7, 7)
('V', 'C', 'O1', 'O1', 'O1b') 4 ([(0, 1), (0, 4), (1, 2), (1, 3)], 8, 4, 5)
('C', 'O1', 'O1', 'O1b', 'O1b') 4 ([(0, 2), (0, 3), (0, 4), (1, 3), (3, 4)], 7, 5, 5)
('X', 'C', 'O1b', 'O1b', 'O1b') 3 ([(1, 2), (1, 3), (1, 4), (2, 3), (2, 4)], 8, 5, 5)
('F', 'F', 'F', 'F', 'O1b') 3 ([(0, 3), (0, 4), (1, 2), (1, 4), (2, 4), (3, 4)], 9, 6, 6)
('F', 'F', 'F', 'O1', 'O1b') 3 ([(0, 3), (0, 4), (1, 2), (1, 4), (2, 4)], 8, 5, 6)
('F', 'V', 'C', 'C', 'O1b') 3 ([(0, 2), (0, 3), (1, 3), (1, 4), (2, 3), (2, 4)], 11, 6, 7)
('F', 'V', 'C', 'C', 'O0') 3 ([(0, 2), (0, 3), (1, 3), (1, 4), (2, 3), (2, 4)], 10, 6, 7)
('F', 'V', 'C', 'O1', 'O0') 3 ([(0, 2), (0, 4), (1, 2), (1, 3), (2, 4)], 8, 5, 6)
('F', 'C', 'C', 'C', 'O1') 3 ([(0, 2), (0, 3), (1, 2), (1, 3), (1, 4), (2, 3)], 12, 6, 6)
('F', 'C', 'C', 'O1', 'O0') 3 ([(0, 2), (0, 4), (1, 2), (1, 3), (1, 4), (2, 4)], 9, 6, 6)
('F', 'C', 'O1', 'O1', 'O1') 3 ([(0, 1), (0, 4), (1, 2), (1, 3)], 8, 4, 5)
('V', 'C', 'C', 'C', 'O1b') 3 ([(0, 3), (0, 4), (1, 2), (1, 3), (1, 4), (2, 3), (2, 4)], 12, 7, 8)
('V', 'C', 'C', 'C', 'O0') 3 ([(0, 3), (0, 4), (1, 2), (1, 3), (1, 4), (2, 3), (2, 4)], 11, 7, 8)
('V', 'C', 'O1', 'O1', 'O1') 3 ([(0, 1), (0, 4), (1, 2), (1, 3)], 8, 4, 5)
('C', 'C', 'C', 'O1', 'O1b') 3 ([(0, 1), (0, 2), (0, 4), (1, 2), (1, 4), (2, 3)], 11, 6, 6)
('C', 'C', 'C', 'O1', 'O0') 3 ([(0, 1), (0, 2), (0, 4), (1, 2), (1, 4), (2, 3)], 10, 6, 6)
('C', 'O1', 'O1', 'O1', 'O1b') 3 ([(0, 2), (0, 3), (0, 4), (1, 4)], 7, 4, 4)
('X', 'F', 'C', 'O1b', 'O0') 2 ([(1, 2), (1, 3), (2, 3), (2, 4), (3, 4)], 8, 5, 5)
('F', 'F', 'V', 'O1', 'O1b') 2 ([(0, 1), (0, 4), (1, 4), (2, 3), (2, 4)], 8, 5, 6)
('F', 'F', 'O1', 'O1b', 'O1b') 2 ([(0, 3), (0, 4), (1, 3), (1, 4), (2, 3), (3, 4)], 7, 6, 6)
('F', 'V', 'V', 'O1b', 'O1b') 2 ([(0, 3), (0, 4), (1, 4), (2, 3), (3, 4)], 8, 5, 5)
('F', 'C', 'C', 'O1', 'O1') 2 ([(0, 1), (0, 2), (1, 2), (1, 4), (2, 3)], 10, 5, 5)
('F', 'C', 'O1', 'O1', 'O0') 2 ([(0, 1), (0, 4), (1, 3), (1, 4), (2, 4)], 7, 5, 5)
('C', 'C', 'O1', 'O1', 'O1b') 2 ([(0, 1), (0, 3), (0, 4), (1, 2), (1, 4)], 9, 5, 5)
('C', 'C', 'O1', 'O1', 'O0') 2 ([(0, 1), (0, 3), (0, 4), (1, 2), (1, 4)], 8, 5, 5)
('X', 'X', 'X', 'V', 'O1') 1 ([(3, 4)], 9, 1, 1)
('X', 'F', 'F', 'C', 'C') 1 ([(1, 3), (1, 4), (2, 3), (2, 4), (3, 4)], 12, 5, 5)
('X', 'F', 'F', 'C', 'O1b') 1 ([(1, 3), (1, 4), (2, 3), (2, 4), (3, 4)], 10, 5, 5)
('X', 'F', 'F', 'C', 'O0') 1 ([(1, 3), (1, 4), (2, 3), (2, 4), (3, 4)], 9, 5, 5)
('X', 'F', 'F', 'O1', 'O1b') 1 ([(1, 2), (1, 4), (2, 4), (3, 4)], 8, 4, 4)
('X', 'F', 'F', 'O1b', 'O1b') 1 ([(1, 3), (1, 4), (2, 3), (2, 4), (3, 4)], 8, 5, 5)
('X', 'F', 'C', 'C', 'O1b') 1 ([(1, 2), (1, 3), (2, 3), (2, 4), (3, 4)], 11, 5, 5)
('X', 'F', 'C', 'C', 'O0') 1 ([(1, 2), (1, 3), (2, 3), (2, 4), (3, 4)], 10, 5, 5)
('X', 'F', 'C', 'O1', 'O1b') 1 ([(1, 2), (1, 4), (2, 3), (2, 4)], 9, 4, 4)
('X', 'F', 'C', 'O1', 'O0') 1 ([(1, 2), (1, 4), (2, 3), (2, 4)], 8, 4, 4)
('X', 'C', 'C', 'O1b', 'O1b') 1 ([(1, 2), (1, 3), (1, 4), (2, 3), (2, 4)], 10, 5, 5)
('X', 'C', 'C', 'O1b', 'O0') 1 ([(1, 2), (1, 3), (1, 4), (2, 3), (2, 4)], 9, 5, 5)
('X', 'C', 'C', 'O0', 'O0') 1 ([(1, 2), (1, 3), (1, 4), (2, 3), (2, 4)], 8, 5, 5)
('X', 'C', 'O1', 'O1', 'O1') 1 ([(1, 2), (1, 3), (1, 4)], 8, 3, 3)
('X', 'C', 'O1', 'O1', 'O1b') 1 ([(1, 2), (1, 3), (1, 4)], 8, 3, 3)
('X', 'C', 'O1', 'O1b', 'O1b') 1 ([(1, 2), (1, 3), (1, 4), (3, 4)], 8, 4, 4)
('F', 'F', 'V', 'C', 'O1') 1 ([(0, 2), (0, 3), (1, 2), (1, 3), (2, 3), (2, 4)], 10, 6, 8)
('F', 'F', 'O1', 'O1', 'O1b') 1 ([(0, 1), (0, 4), (1, 4), (2, 4), (3, 4)], 7, 5, 5)
('F', 'V', 'V', 'C', 'O0') 1 ([(0, 3), (0, 4), (1, 3), (1, 4), (2, 3), (2, 4)], 9, 6, 8)
('V', 'V', 'C', 'O1', 'O0') 1 ([(0, 2), (0, 4), (1, 2), (1, 4), (2, 3)], 8, 5, 6)
('V', 'V', 'C', 'O1b', 'O0') 1 ([(0, 2), (0, 4), (1, 2), (1, 4), (2, 3), (3, 4)], 8, 6, 7)
92 type multisets survive; 822 labelled graphs
