ROW ('X', 'X', 'X', 'V', 'O1') [(3, 4)] slack 0 faces [] twoF [] partners {3: 4}
ROW ('X', 'F', 'F', 'O1', 'O1b') [(1, 2), (1, 4), (2, 4), (3, 4)] slack 0 faces [(1, 2, 4)] twoF [(1, 2, 4)] partners {}
ROW ('X', 'F', 'F', 'O1b', 'O1b') [(1, 3), (1, 4), (2, 3), (2, 4), (3, 4)] slack 0 faces [(1, 3, 4), (2, 3, 4)] twoF [] partners {}
ROW ('F', 'F', 'F', 'F', 'O1b') [(0, 3), (0, 4), (1, 2), (1, 4), (2, 4), (3, 4)] slack 3 faces [(0, 3, 4), (1, 2, 4)] twoF [(0, 3, 4), (1, 2, 4)] partners {}
ROW ('F', 'F', 'F', 'F', 'O1b') [(0, 2), (0, 4), (1, 3), (1, 4), (2, 4), (3, 4)] slack 3 faces [(0, 2, 4), (1, 3, 4)] twoF [(0, 2, 4), (1, 3, 4)] partners {}
ROW ('F', 'F', 'F', 'F', 'O1b') [(0, 1), (0, 4), (1, 4), (2, 3), (2, 4), (3, 4)] slack 3 faces [(0, 1, 4), (2, 3, 4)] twoF [(0, 1, 4), (2, 3, 4)] partners {}
ROW ('F', 'F', 'F', 'O1', 'O1b') [(0, 3), (0, 4), (1, 2), (1, 4), (2, 4)] slack 0 faces [(0, 3, 4), (1, 2, 4)] twoF [(1, 2, 4)] partners {}
ROW ('F', 'F', 'F', 'O1', 'O1b') [(0, 2), (0, 4), (1, 3), (1, 4), (2, 4)] slack 0 faces [(0, 2, 4), (1, 3, 4)] twoF [(0, 2, 4)] partners {}
ROW ('F', 'F', 'F', 'O1', 'O1b') [(0, 1), (0, 4), (1, 4), (2, 3), (2, 4)] slack 0 faces [(0, 1, 4), (2, 3, 4)] twoF [(0, 1, 4)] partners {}
ROW ('F', 'F', 'F', 'O1b', 'O1b') [(0, 3), (0, 4), (1, 2), (1, 3), (2, 3), (3, 4)] slack 1 faces [(0, 3, 4), (1, 2, 3)] twoF [(1, 2, 3)] partners {}
ROW ('F', 'F', 'F', 'O1b', 'O1b') [(0, 2), (0, 3), (1, 3), (1, 4), (2, 3), (3, 4)] slack 1 faces [(0, 2, 3), (1, 3, 4)] twoF [(0, 2, 3)] partners {}
ROW ('F', 'F', 'F', 'O1b', 'O1b') [(0, 3), (0, 4), (1, 2), (1, 4), (2, 4), (3, 4)] slack 1 faces [(0, 3, 4), (1, 2, 4)] twoF [(1, 2, 4)] partners {}
ROW ('F', 'F', 'F', 'O1b', 'O1b') [(0, 2), (0, 4), (1, 3), (1, 4), (2, 4), (3, 4)] slack 1 faces [(0, 2, 4), (1, 3, 4)] twoF [(0, 2, 4)] partners {}
ROW ('F', 'F', 'F', 'O1b', 'O1b') [(0, 1), (0, 3), (1, 3), (2, 3), (2, 4), (3, 4)] slack 1 faces [(0, 1, 3), (2, 3, 4)] twoF [(0, 1, 3)] partners {}
ROW ('F', 'F', 'F', 'O1b', 'O1b') [(0, 1), (0, 4), (1, 4), (2, 3), (2, 4), (3, 4)] slack 1 faces [(0, 1, 4), (2, 3, 4)] twoF [(0, 1, 4)] partners {}
ROW ('F', 'F', 'V', 'O1', 'O1b') [(0, 1), (0, 4), (1, 4), (2, 3), (2, 4)] slack 0 faces [(0, 1, 4)] twoF [(0, 1, 4)] partners {2: 3}
ROW ('F', 'F', 'V', 'O1', 'O1b') [(0, 2), (0, 4), (1, 2), (1, 4), (2, 3), (2, 4)] slack 0 faces [(0, 2, 4), (1, 2, 4)] twoF [] partners {2: 3}
ROW ('F', 'F', 'V', 'O1b', 'O1b') [(0, 1), (0, 4), (1, 4), (2, 3), (3, 4)] slack 0 faces [(0, 1, 4)] twoF [(0, 1, 4)] partners {2: 3}
ROW ('F', 'F', 'V', 'O1b', 'O1b') [(0, 3), (0, 4), (1, 3), (1, 4), (2, 3), (3, 4)] slack 1 faces [(0, 3, 4), (1, 3, 4)] twoF [] partners {2: 3}
ROW ('F', 'F', 'V', 'O1b', 'O1b') [(0, 1), (0, 3), (1, 3), (2, 4), (3, 4)] slack 0 faces [(0, 1, 3)] twoF [(0, 1, 3)] partners {2: 4}
ROW ('F', 'F', 'V', 'O1b', 'O1b') [(0, 3), (0, 4), (1, 3), (1, 4), (2, 4), (3, 4)] slack 1 faces [(0, 3, 4), (1, 3, 4)] twoF [] partners {2: 4}
ROW ('F', 'F', 'O1', 'O1', 'O1b') [(0, 1), (0, 4), (1, 4), (2, 4), (3, 4)] slack 0 faces [(0, 1, 4)] twoF [(0, 1, 4)] partners {}
ROW ('F', 'F', 'O1', 'O1b', 'O1b') [(0, 3), (0, 4), (1, 3), (1, 4), (2, 3), (3, 4)] slack 0 faces [(0, 3, 4), (1, 3, 4)] twoF [] partners {}
ROW ('F', 'F', 'O1', 'O1b', 'O1b') [(0, 3), (0, 4), (1, 3), (1, 4), (2, 4), (3, 4)] slack 0 faces [(0, 3, 4), (1, 3, 4)] twoF [] partners {}
ROW ('F', 'F', 'O1b', 'O1b', 'O1b') [(0, 2), (0, 4), (1, 2), (1, 3), (2, 3), (2, 4), (3, 4)] slack 0 faces [(0, 2, 4), (1, 2, 3), (2, 3, 4)] twoF [] partners {}
ROW ('F', 'F', 'O1b', 'O1b', 'O1b') [(0, 3), (0, 4), (1, 2), (1, 3), (2, 3), (2, 4), (3, 4)] slack 0 faces [(0, 3, 4), (1, 2, 3), (2, 3, 4)] twoF [] partners {}
ROW ('F', 'F', 'O1b', 'O1b', 'O1b') [(0, 2), (0, 3), (1, 2), (1, 4), (2, 3), (2, 4), (3, 4)] slack 0 faces [(0, 2, 3), (1, 2, 4), (2, 3, 4)] twoF [] partners {}
ROW ('F', 'F', 'O1b', 'O1b', 'O1b') [(0, 3), (0, 4), (1, 2), (1, 4), (2, 3), (2, 4), (3, 4)] slack 0 faces [(0, 3, 4), (1, 2, 4), (2, 3, 4)] twoF [] partners {}
ROW ('F', 'F', 'O1b', 'O1b', 'O1b') [(0, 2), (0, 3), (1, 3), (1, 4), (2, 3), (2, 4), (3, 4)] slack 0 faces [(0, 2, 3), (1, 3, 4), (2, 3, 4)] twoF [] partners {}
ROW ('F', 'F', 'O1b', 'O1b', 'O1b') [(0, 2), (0, 4), (1, 3), (1, 4), (2, 3), (2, 4), (3, 4)] slack 0 faces [(0, 2, 4), (1, 3, 4), (2, 3, 4)] twoF [] partners {}
ROW ('F', 'V', 'V', 'O1b', 'O1b') [(0, 3), (0, 4), (1, 4), (2, 3), (3, 4)] slack 0 faces [(0, 3, 4)] twoF [] partners {1: 4, 2: 3}
ROW ('F', 'V', 'V', 'O1b', 'O1b') [(0, 3), (0, 4), (1, 3), (2, 4), (3, 4)] slack 0 faces [(0, 3, 4)] twoF [] partners {1: 3, 2: 4}
